Archive member included to satisfy reference by file (symbol)

c:/st/stm32cubeide_1.11.0/stm32cubeide/plugins/com.st.stm32cube.ide.mcu.externaltools.gnu-tools-for-stm32.10.3-2021.10.win32_1.0.100.202210260954/tools/bin/../lib/gcc/arm-none-eabi/10.3.1/../../../../arm-none-eabi/lib/thumb/v7-m/nofp\libc_nano.a(lib_a-ctype_.o)
                              ./Core/Src/trees.o (_ctype_)
c:/st/stm32cubeide_1.11.0/stm32cubeide/plugins/com.st.stm32cube.ide.mcu.externaltools.gnu-tools-for-stm32.10.3-2021.10.win32_1.0.100.202210260954/tools/bin/../lib/gcc/arm-none-eabi/10.3.1/../../../../arm-none-eabi/lib/thumb/v7-m/nofp\libc_nano.a(lib_a-errno.o)
                              ./Core/Src/syscalls.o (__errno)
c:/st/stm32cubeide_1.11.0/stm32cubeide/plugins/com.st.stm32cube.ide.mcu.externaltools.gnu-tools-for-stm32.10.3-2021.10.win32_1.0.100.202210260954/tools/bin/../lib/gcc/arm-none-eabi/10.3.1/../../../../arm-none-eabi/lib/thumb/v7-m/nofp\libc_nano.a(lib_a-exit.o)
                              c:/st/stm32cubeide_1.11.0/stm32cubeide/plugins/com.st.stm32cube.ide.mcu.externaltools.gnu-tools-for-stm32.10.3-2021.10.win32_1.0.100.202210260954/tools/bin/../lib/gcc/arm-none-eabi/10.3.1/../../../../arm-none-eabi/lib/thumb/v7-m/nofp/crt0.o (exit)
c:/st/stm32cubeide_1.11.0/stm32cubeide/plugins/com.st.stm32cube.ide.mcu.externaltools.gnu-tools-for-stm32.10.3-2021.10.win32_1.0.100.202210260954/tools/bin/../lib/gcc/arm-none-eabi/10.3.1/../../../../arm-none-eabi/lib/thumb/v7-m/nofp\libc_nano.a(lib_a-fprintf.o)
                              ./Core/Src/deflate.o (fprintf)
c:/st/stm32cubeide_1.11.0/stm32cubeide/plugins/com.st.stm32cube.ide.mcu.externaltools.gnu-tools-for-stm32.10.3-2021.10.win32_1.0.100.202210260954/tools/bin/../lib/gcc/arm-none-eabi/10.3.1/../../../../arm-none-eabi/lib/thumb/v7-m/nofp\libc_nano.a(lib_a-fputc.o)
                              ./Core/Src/deflate.o (fputc)
c:/st/stm32cubeide_1.11.0/stm32cubeide/plugins/com.st.stm32cube.ide.mcu.externaltools.gnu-tools-for-stm32.10.3-2021.10.win32_1.0.100.202210260954/tools/bin/../lib/gcc/arm-none-eabi/10.3.1/../../../../arm-none-eabi/lib/thumb/v7-m/nofp\libc_nano.a(lib_a-fwrite.o)
                              ./Core/Src/deflate.o (fwrite)
c:/st/stm32cubeide_1.11.0/stm32cubeide/plugins/com.st.stm32cube.ide.mcu.externaltools.gnu-tools-for-stm32.10.3-2021.10.win32_1.0.100.202210260954/tools/bin/../lib/gcc/arm-none-eabi/10.3.1/../../../../arm-none-eabi/lib/thumb/v7-m/nofp\libc_nano.a(lib_a-impure.o)
                              c:/st/stm32cubeide_1.11.0/stm32cubeide/plugins/com.st.stm32cube.ide.mcu.externaltools.gnu-tools-for-stm32.10.3-2021.10.win32_1.0.100.202210260954/tools/bin/../lib/gcc/arm-none-eabi/10.3.1/../../../../arm-none-eabi/lib/thumb/v7-m/nofp\libc_nano.a(lib_a-exit.o) (_global_impure_ptr)
c:/st/stm32cubeide_1.11.0/stm32cubeide/plugins/com.st.stm32cube.ide.mcu.externaltools.gnu-tools-for-stm32.10.3-2021.10.win32_1.0.100.202210260954/tools/bin/../lib/gcc/arm-none-eabi/10.3.1/../../../../arm-none-eabi/lib/thumb/v7-m/nofp\libc_nano.a(lib_a-init.o)
                              c:/st/stm32cubeide_1.11.0/stm32cubeide/plugins/com.st.stm32cube.ide.mcu.externaltools.gnu-tools-for-stm32.10.3-2021.10.win32_1.0.100.202210260954/tools/bin/../lib/gcc/arm-none-eabi/10.3.1/../../../../arm-none-eabi/lib/thumb/v7-m/nofp/crt0.o (__libc_init_array)
c:/st/stm32cubeide_1.11.0/stm32cubeide/plugins/com.st.stm32cube.ide.mcu.externaltools.gnu-tools-for-stm32.10.3-2021.10.win32_1.0.100.202210260954/tools/bin/../lib/gcc/arm-none-eabi/10.3.1/../../../../arm-none-eabi/lib/thumb/v7-m/nofp\libc_nano.a(lib_a-lock.o)
                              c:/st/stm32cubeide_1.11.0/stm32cubeide/plugins/com.st.stm32cube.ide.mcu.externaltools.gnu-tools-for-stm32.10.3-2021.10.win32_1.0.100.202210260954/tools/bin/../lib/gcc/arm-none-eabi/10.3.1/../../../../arm-none-eabi/lib/thumb/v7-m/nofp\libc_nano.a(lib_a-fputc.o) (__retarget_lock_acquire_recursive)
c:/st/stm32cubeide_1.11.0/stm32cubeide/plugins/com.st.stm32cube.ide.mcu.externaltools.gnu-tools-for-stm32.10.3-2021.10.win32_1.0.100.202210260954/tools/bin/../lib/gcc/arm-none-eabi/10.3.1/../../../../arm-none-eabi/lib/thumb/v7-m/nofp\libc_nano.a(lib_a-malloc.o)
                              ./Core/Src/zutil.o (malloc)
c:/st/stm32cubeide_1.11.0/stm32cubeide/plugins/com.st.stm32cube.ide.mcu.externaltools.gnu-tools-for-stm32.10.3-2021.10.win32_1.0.100.202210260954/tools/bin/../lib/gcc/arm-none-eabi/10.3.1/../../../../arm-none-eabi/lib/thumb/v7-m/nofp\libc_nano.a(lib_a-memcmp.o)
                              ./Core/Src/deflate.o (memcmp)
c:/st/stm32cubeide_1.11.0/stm32cubeide/plugins/com.st.stm32cube.ide.mcu.externaltools.gnu-tools-for-stm32.10.3-2021.10.win32_1.0.100.202210260954/tools/bin/../lib/gcc/arm-none-eabi/10.3.1/../../../../arm-none-eabi/lib/thumb/v7-m/nofp\libc_nano.a(lib_a-memcpy-stub.o)
                              ./Core/Src/deflate.o (memcpy)
[...]
Memory Configuration

Name             Origin             Length             Attributes
RAM              0x0000000020000000 0x0000000000014000 xrw
FLASH            0x0000000008000000 0x0000000000080000 xr
*default*        0x0000000000000000 0xffffffffffffffff

Linker script and memory map

LOAD c:/st/stm32cubeide_1.11.0/stm32cubeide/plugins/com.st.stm32cube.ide.mcu.externaltools.gnu-tools-for-stm32.10.3-2021.10.win32_1.0.100.202210260954/tools/bin/../lib/gcc/arm-none-eabi/10.3.1/thumb/v7-m/nofp/crti.o
LOAD c:/st/stm32cubeide_1.11.0/stm32cubeide/plugins/com.st.stm32cube.ide.mcu.externaltools.gnu-tools-for-stm32.10.3-2021.10.win32_1.0.100.202210260954/tools/bin/../lib/gcc/arm-none-eabi/10.3.1/thumb/v7-m/nofp/crtbegin.o
LOAD c:/st/stm32cubeide_1.11.0/stm32cubeide/plugins/com.st.stm32cube.ide.mcu.externaltools.gnu-tools-for-stm32.10.3-2021.10.win32_1.0.100.202210260954/tools/bin/../lib/gcc/arm-none-eabi/10.3.1/../../../../arm-none-eabi/lib/thumb/v7-m/nofp/crt0.o
LOAD ./Core/Src/adler32.o
LOAD ./Core/Src/compress.o
LOAD ./Core/Src/crc32.o
LOAD ./Core/Src/deflate.o
LOAD ./Core/Src/fatfs_sd.o
LOAD ./Core/Src/infback.o
LOAD ./Core/Src/inffast.o
LOAD ./Core/Src/inflate.o
LOAD ./Core/Src/inftrees.o
LOAD ./Core/Src/main.o
LOAD ./Core/Src/stm32l1xx_hal_msp.o
LOAD ./Core/Src/stm32l1xx_it.o
LOAD ./Core/Src/syscalls.o
LOAD ./Core/Src/sysmem.o
LOAD ./Core/Src/system_stm32l1xx.o
LOAD ./Core/Src/trees.o
LOAD ./Core/Src/uncompr.o
LOAD ./Core/Src/zutil.o
LOAD ./Core/Startup/startup_stm32l152retx.o
LOAD ./Drivers/STM32L1xx_HAL_Driver/Src/stm32l1xx_hal.o
LOAD ./Drivers/STM32L1xx_HAL_Driver/Src/stm32l1xx_hal_cortex.o
LOAD ./Drivers/STM32L1xx_HAL_Driver/Src/stm32l1xx_hal_dma.o
LOAD ./Drivers/STM32L1xx_HAL_Driver/Src/stm32l1xx_hal_exti.o
LOAD ./Drivers/STM32L1xx_HAL_Driver/Src/stm32l1xx_hal_flash.o
LOAD ./Drivers/STM32L1xx_HAL_Driver/Src/stm32l1xx_hal_flash_ex.o
LOAD ./Drivers/STM32L1xx_HAL_Driver/Src/stm32l1xx_hal_flash_ramfunc.o
LOAD ./Drivers/STM32L1xx_HAL_Driver/Src/stm32l1xx_hal_gpio.o
LOAD ./Drivers/STM32L1xx_HAL_Driver/Src/stm32l1xx_hal_pwr.o
LOAD ./Drivers/STM32L1xx_HAL_Driver/Src/stm32l1xx_hal_pwr_ex.o
LOAD ./Drivers/STM32L1xx_HAL_Driver/Src/stm32l1xx_hal_rcc.o
LOAD ./Drivers/STM32L1xx_HAL_Driver/Src/stm32l1xx_hal_rcc_ex.o
LOAD ./Drivers/STM32L1xx_HAL_Driver/Src/stm32l1xx_hal_spi.o
LOAD ./Drivers/STM32L1xx_HAL_Driver/Src/stm32l1xx_hal_tim.o
LOAD ./Drivers/STM32L1xx_HAL_Driver/Src/stm32l1xx_hal_tim_ex.o
LOAD ./Drivers/STM32L1xx_HAL_Driver/Src/stm32l1xx_hal_uart.o
LOAD ./FATFS/App/fatfs.o
LOAD ./FATFS/Target/user_diskio.o
LOAD ./Middlewares/Third_Party/FatFs/src/diskio.o
LOAD ./Middlewares/Third_Party/FatFs/src/ff.o
LOAD ./Middlewares/Third_Party/FatFs/src/ff_gen_drv.o
LOAD ./Middlewares/Third_Party/FatFs/src/option/ccsbcs.o
LOAD ./Middlewares/Third_Party/FatFs/src/option/syscall.o
START GROUP
LOAD c:/st/stm32cubeide_1.11.0/stm32cubeide/plugins/com.st.stm32cube.ide.mcu.externaltools.gnu-tools-for-stm32.10.3-2021.10.win32_1.0.100.202210260954/tools/bin/../lib/gcc/arm-none-eabi/10.3.1/../../../../arm-none-eabi/lib/thumb/v7-m/nofp\libc_nano.a
LOAD c:/st/stm32cubeide_1.11.0/stm32cubeide/plugins/com.st.stm32cube.ide.mcu.externaltools.gnu-tools-for-stm32.10.3-2021.10.win32_1.0.100.202210260954/tools/bin/../lib/gcc/arm-none-eabi/10.3.1/../../../../arm-none-eabi/lib/thumb/v7-m/nofp\libm.a
END GROUP
START GROUP
LOAD c:/st/stm32cubeide_1.11.0/stm32cubeide/plugins/com.st.stm32cube.ide.mcu.externaltools.gnu-tools-for-stm32.10.3-2021.10.win32_1.0.100.202210260954/tools/bin/../lib/gcc/arm-none-eabi/10.3.1/thumb/v7-m/nofp\libgcc.a
LOAD c:/st/stm32cubeide_1.11.0/stm32cubeide/plugins/com.st.stm32cube.ide.mcu.externaltools.gnu-tools-for-stm32.10.3-2021.10.win32_1.0.100.202210260954/tools/bin/../lib/gcc/arm-none-eabi/10.3.1/../../../../arm-none-eabi/lib/thumb/v7-m/nofp\libc_nano.a
END GROUP
START GROUP
LOAD c:/st/stm32cubeide_1.11.0/stm32cubeide/plugins/com.st.stm32cube.ide.mcu.externaltools.gnu-tools-for-stm32.10.3-2021.10.win32_1.0.100.202210260954/tools/bin/../lib/gcc/arm-none-eabi/10.3.1/thumb/v7-m/nofp\libgcc.a
LOAD c:/st/stm32cubeide_1.11.0/stm32cubeide/plugins/com.st.stm32cube.ide.mcu.externaltools.gnu-tools-for-stm32.10.3-2021.10.win32_1.0.100.202210260954/tools/bin/../lib/gcc/arm-none-eabi/10.3.1/../../../../arm-none-eabi/lib/thumb/v7-m/nofp\libc_nano.a
LOAD c:/st/stm32cubeide_1.11.0/stm32cubeide/plugins/com.st.stm32cube.ide.mcu.externaltools.gnu-tools-for-stm32.10.3-2021.10.win32_1.0.100.202210260954/tools/bin/../lib/gcc/arm-none-eabi/10.3.1/../../../../arm-none-eabi/lib/thumb/v7-m/nofp\libnosys.a
END GROUP
START GROUP
LOAD c:/st/stm32cubeide_1.11.0/stm32cubeide/plugins/com.st.stm32cube.ide.mcu.externaltools.gnu-tools-for-stm32.10.3-2021.10.win32_1.0.100.202210260954/tools/bin/../lib/gcc/arm-none-eabi/10.3.1/thumb/v7-m/nofp\libgcc.a
LOAD c:/st/stm32cubeide_1.11.0/stm32cubeide/plugins/com.st.stm32cube.ide.mcu.externaltools.gnu-tools-for-stm32.10.3-2021.10.win32_1.0.100.202210260954/tools/bin/../lib/gcc/arm-none-eabi/10.3.1/../../../../arm-none-eabi/lib/thumb/v7-m/nofp\libc_nano.a
LOAD c:/st/stm32cubeide_1.11.0/stm32cubeide/plugins/com.st.stm32cube.ide.mcu.externaltools.gnu-tools-for-stm32.10.3-2021.10.win32_1.0.100.202210260954/tools/bin/../lib/gcc/arm-none-eabi/10.3.1/../../../../arm-none-eabi/lib/thumb/v7-m/nofp\libnosys.a
END GROUP
LOAD c:/st/stm32cubeide_1.11.0/stm32cubeide/plugins/com.st.stm32cube.ide.mcu.externaltools.gnu-tools-for-stm32.10.3-2021.10.win32_1.0.100.202210260954/tools/bin/../lib/gcc/arm-none-eabi/10.3.1/thumb/v7-m/nofp/crtend.o
LOAD c:/st/stm32cubeide_1.11.0/stm32cubeide/plugins/com.st.stm32cube.ide.mcu.externaltools.gnu-tools-for-stm32.10.3-2021.10.win32_1.0.100.202210260954/tools/bin/../lib/gcc/arm-none-eabi/10.3.1/thumb/v7-m/nofp/crtn.o
                0x0000000020014000                _estack = (ORIGIN (RAM) + LENGTH (RAM))
                0x0000000000000200                _Min_Heap_Size = 0x200
                0x0000000000000400                _Min_Stack_Size = 0x400

.isr_vector     0x0000000008000000      0x13c
                0x0000000008000000                . = ALIGN (0x4)
 *(.isr_vector)
 .isr_vector    0x0000000008000000      0x13c ./Core/Startup/startup_stm32l152retx.o
                0x0000000008000000                g_pfnVectors
                0x000000000800013c                . = ALIGN (0x4)

.text           0x000000000800013c     0xd1cc
                0x000000000800013c                . = ALIGN (0x4)
 *(.text)
 .text          0x000000000800013c       0x40 c:/st/stm32cubeide_1.11.0/stm32cubeide/plugins/com.st.stm32cube.ide.mcu.externaltools.gnu-tools-for-stm32.10.3-2021.10.win32_1.0.100.202210260954/tools/bin/../lib/gcc/arm-none-eabi/10.3.1/thumb/v7-m/nofp/crtbegin.o
 .text          0x000000000800017c       0x10 c:/st/stm32cubeide_1.11.0/stm32cubeide/plugins/com.st.stm32cube.ide.mcu.externaltools.gnu-tools-for-stm32.10.3-2021.10.win32_1.0.100.202210260954/tools/bin/../lib/gcc/arm-none-eabi/10.3.1/../../../../arm-none-eabi/lib/thumb/v7-m/nofp\libc_nano.a(lib_a-strlen.o)
                0x000000000800017c                strlen
 .text          0x000000000800018c       0x30 c:/st/stm32cubeide_1.11.0/stm32cubeide/plugins/com.st.stm32cube.ide.mcu.externaltools.gnu-tools-for-stm32.10.3-2021.10.win32_1.0.100.202210260954/tools/bin/../lib/gcc/arm-none-eabi/10.3.1/thumb/v7-m/nofp\libgcc.a(_aeabi_uldivmod.o)
                0x000000000800018c                __aeabi_uldivmod
 .text          0x00000000080001bc      0x2d4 c:/st/stm32cubeide_1.11.0/stm32cubeide/plugins/com.st.stm32cube.ide.mcu.externaltools.gnu-tools-for-stm32.10.3-2021.10.win32_1.0.100.202210260954/tools/bin/../lib/gcc/arm-none-eabi/10.3.1/thumb/v7-m/nofp\libgcc.a(_udivmoddi4.o)
                0x00000000080001bc                __udivmoddi4
 .text          0x0000000008000490        0x4 c:/st/stm32cubeide_1.11.0/stm32cubeide/plugins/com.st.stm32cube.ide.mcu.externaltools.gnu-tools-for-stm32.10.3-2021.10.win32_1.0.100.202210260954/tools/bin/../lib/gcc/arm-none-eabi/10.3.1/thumb/v7-m/nofp\libgcc.a(_dvmd_tls.o)
                0x0000000008000490                __aeabi_idiv0
                0x0000000008000490                __aeabi_ldiv0
 *(.text*)
 .text.adler32  0x0000000008000494      0x478 ./Core/Src/adler32.o
                0x0000000008000494                adler32
 .text.crc32    0x000000000800090c       0x46 ./Core/Src/crc32.o
                0x000000000800090c                crc32
 *fill*         0x0000000008000952        0x2 
 .text.crc32_little
                0x0000000008000954      0x2e0 ./Core/Src/crc32.o
 .text.crc32_big
                0x0000000008000c34      0x32c ./Core/Src/crc32.o
 .text.deflateInit_
                0x0000000008000f60       0x34 ./Core/Src/deflate.o
                0x0000000008000f60                deflateInit_
 .text.deflateInit2_
                0x0000000008000f94      0x2b0 ./Core/Src/deflate.o
                0x0000000008000f94                deflateInit2_
 .text.deflateResetKeep
                0x0000000008001244       0xba ./Core/Src/deflate.o
                0x0000000008001244                deflateResetKeep
 .text.deflateReset
                0x00000000080012fe       0x2a ./Core/Src/deflate.o
                0x00000000080012fe                deflateReset
 .text.putShortMSB
                0x0000000008001328       0x42 ./Core/Src/deflate.o
 .text.flush_pending
                0x000000000800136a       0x96 ./Core/Src/deflate.o
 .text.deflate  0x0000000008001400      0xab4 ./Core/Src/deflate.o
                0x0000000008001400                deflate
 .text.deflateEnd
                0x0000000008001eb4       0xf4 ./Core/Src/deflate.o
                0x0000000008001eb4                deflateEnd
 .text.read_buf
                0x0000000008001fa8       0xa2 ./Core/Src/deflate.o
 *fill*         0x000000000800204a        0x2 
 .text.lm_init  0x000000000800204c       0xf8 ./Core/Src/deflate.o
 .text.longest_match
                0x0000000008002144      0x220 ./Core/Src/deflate.o
 .text.check_match
                0x0000000008002364       0xe4 ./Core/Src/deflate.o
 .text.fill_window
                0x0000000008002448      0x33c ./Core/Src/deflate.o
 .text.deflate_stored
                0x0000000008002784      0x2c0 ./Core/Src/deflate.o
 .text.deflate_fast
                0x0000000008002a44      0x3d4 ./Core/Src/deflate.o
 .text.deflate_slow
                0x0000000008002e18      0x4ec ./Core/Src/deflate.o
 .text.deflate_rle
                0x0000000008003304      0x39c ./Core/Src/deflate.o
 .text.deflate_huff
                0x00000000080036a0      0x1f4 ./Core/Src/deflate.o
 .text.SELECT   0x0000000008003894       0x1c ./Core/Src/fatfs_sd.o
 .text.DESELECT
                0x00000000080038b0       0x1c ./Core/Src/fatfs_sd.o
 .text.SPI_TxByte
                0x00000000080038cc       0x34 ./Core/Src/fatfs_sd.o
 .text.SPI_TxBuffer
                0x0000000008003900       0x34 ./Core/Src/fatfs_sd.o
 .text.SPI_RxByte
                0x0000000008003934       0x38 ./Core/Src/fatfs_sd.o
 .text.SPI_RxBytePtr
                0x000000000800396c       0x1c ./Core/Src/fatfs_sd.o
 .text.SD_ReadyWait
                0x0000000008003988       0x34 ./Core/Src/fatfs_sd.o
 .text.SD_PowerOn
                0x00000000080039bc       0x84 ./Core/Src/fatfs_sd.o
 .text.SD_PowerOff
                0x0000000008003a40       0x18 ./Core/Src/fatfs_sd.o
 .text.SD_CheckPower
                0x0000000008003a58       0x14 ./Core/Src/fatfs_sd.o
 .text.SD_RxDataBlock
                0x0000000008003a6c       0x5c ./Core/Src/fatfs_sd.o
 .text.SD_TxDataBlock
                0x0000000008003ac8       0x86 ./Core/Src/fatfs_sd.o
 .text.SD_SendCmd
                0x0000000008003b4e       0xa8 ./Core/Src/fatfs_sd.o
 *fill*         0x0000000008003bf6        0x2 
 .text.SD_disk_initialize
                0x0000000008003bf8      0x1cc ./Core/Src/fatfs_sd.o
                0x0000000008003bf8                SD_disk_initialize
 .text.SD_disk_status
                0x0000000008003dc4       0x28 ./Core/Src/fatfs_sd.o
                0x0000000008003dc4                SD_disk_status
 .text.SD_disk_read
                0x0000000008003dec       0xd4 ./Core/Src/fatfs_sd.o
                0x0000000008003dec                SD_disk_read
 .text.SD_disk_write
                0x0000000008003ec0      0x108 ./Core/Src/fatfs_sd.o
                0x0000000008003ec0                SD_disk_write
 .text.SD_disk_ioctl
                0x0000000008003fc8      0x258 ./Core/Src/fatfs_sd.o
                0x0000000008003fc8                SD_disk_ioctl
 .text.main     0x0000000008004220      0x1d0 ./Core/Src/main.o
                0x0000000008004220                main
 .text.SystemClock_Config
                0x00000000080043f0       0x98 ./Core/Src/main.o
                0x00000000080043f0                SystemClock_Config
 .text.MX_SPI1_Init
                0x0000000008004488       0x6c ./Core/Src/main.o
 .text.MX_TIM10_Init
                0x00000000080044f4       0x74 ./Core/Src/main.o
 .text.MX_USART2_UART_Init
                0x0000000008004568       0x54 ./Core/Src/main.o
 .text.MX_GPIO_Init
                0x00000000080045bc       0x94 ./Core/Src/main.o
 .text.vprint   0x0000000008004650       0x48 ./Core/Src/main.o
                0x0000000008004650                vprint
 .text.my_printf
                0x0000000008004698       0x24 ./Core/Src/main.o
                0x0000000008004698                my_printf
 .text.deflate_compress
                0x00000000080046bc       0x90 ./Core/Src/main.o
                0x00000000080046bc                deflate_compress
 .text.Error_Handler
                0x000000000800474c        0xa ./Core/Src/main.o
                0x000000000800474c                Error_Handler
 *fill*         0x0000000008004756        0x2 
 .text.HAL_MspInit
                0x0000000008004758       0x5c ./Core/Src/stm32l1xx_hal_msp.o
                0x0000000008004758                HAL_MspInit
 .text.HAL_SPI_MspInit
                0x00000000080047b4       0x88 ./Core/Src/stm32l1xx_hal_msp.o
                0x00000000080047b4                HAL_SPI_MspInit
 .text.HAL_TIM_Base_MspInit
                0x000000000800483c       0x3c ./Core/Src/stm32l1xx_hal_msp.o
                0x000000000800483c                HAL_TIM_Base_MspInit
 .text.HAL_UART_MspInit
                0x0000000008004878       0x88 ./Core/Src/stm32l1xx_hal_msp.o
                0x0000000008004878                HAL_UART_MspInit
 .text.NMI_Handler
                0x0000000008004900        0x6 ./Core/Src/stm32l1xx_it.o
                0x0000000008004900                NMI_Handler
 .text.HardFault_Handler
                0x0000000008004906        0x6 ./Core/Src/stm32l1xx_it.o
                0x0000000008004906                HardFault_Handler
 .text.MemManage_Handler
                0x000000000800490c        0x6 ./Core/Src/stm32l1xx_it.o
                0x000000000800490c                MemManage_Handler
 .text.BusFault_Handler
                0x0000000008004912        0x6 ./Core/Src/stm32l1xx_it.o
                0x0000000008004912                BusFault_Handler
 .text.UsageFault_Handler
                0x0000000008004918        0x6 ./Core/Src/stm32l1xx_it.o
                0x0000000008004918                UsageFault_Handler
 .text.SVC_Handler
                0x000000000800491e        0xc ./Core/Src/stm32l1xx_it.o
                0x000000000800491e                SVC_Handler
 .text.DebugMon_Handler
                0x000000000800492a        0xc ./Core/Src/stm32l1xx_it.o
                0x000000000800492a                DebugMon_Handler
 .text.PendSV_Handler
                0x0000000008004936        0xc ./Core/Src/stm32l1xx_it.o
                0x0000000008004936                PendSV_Handler
 *fill*         0x0000000008004942        0x2 
 .text.SysTick_Handler
                0x0000000008004944       0x3c ./Core/Src/stm32l1xx_it.o
                0x0000000008004944                SysTick_Handler
 .text._kill    0x0000000008004980       0x20 ./Core/Src/syscalls.o
                0x0000000008004980                _kill
 .text._exit    0x00000000080049a0       0x14 ./Core/Src/syscalls.o
                0x00000000080049a0                _exit
 .text._read    0x00000000080049b4       0x3a ./Core/Src/syscalls.o
                0x00000000080049b4                _read
 .text._write   0x00000000080049ee       0x38 ./Core/Src/syscalls.o
                0x00000000080049ee                _write
 .text._close   0x0000000008004a26       0x16 ./Core/Src/syscalls.o
                0x0000000008004a26                _close
 .text._fstat   0x0000000008004a3c       0x1e ./Core/Src/syscalls.o
                0x0000000008004a3c                _fstat
 .text._isatty  0x0000000008004a5a       0x14 ./Core/Src/syscalls.o
                0x0000000008004a5a                _isatty
 .text._lseek   0x0000000008004a6e       0x18 ./Core/Src/syscalls.o
                0x0000000008004a6e                _lseek
 *fill*         0x0000000008004a86        0x2 
 .text._sbrk    0x0000000008004a88       0x6c ./Core/Src/sysmem.o
                0x0000000008004a88                _sbrk
 .text.SystemInit
                0x0000000008004af4        0xc ./Core/Src/system_stm32l1xx.o
                0x0000000008004af4                SystemInit
 .text.send_bits
                0x0000000008004b00      0x178 ./Core/Src/trees.o
 .text.tr_static_init
                0x0000000008004c78        0xc ./Core/Src/trees.o
 .text._tr_init
                0x0000000008004c84       0x98 ./Core/Src/trees.o
                0x0000000008004c84                _tr_init
 .text.init_block
                0x0000000008004d1c       0xc2 ./Core/Src/trees.o
 .text.pqdownheap
                0x0000000008004dde      0x19e ./Core/Src/trees.o
 .text.gen_bitlen
                0x0000000008004f7c      0x328 ./Core/Src/trees.o
 .text.gen_codes
                0x00000000080052a4      0x158 ./Core/Src/trees.o
 .text.build_tree
                0x00000000080053fc      0x344 ./Core/Src/trees.o
 .text.scan_tree
                0x0000000008005740      0x15c ./Core/Src/trees.o
 .text.send_tree
                0x000000000800589c      0x238 ./Core/Src/trees.o
 .text.build_bl_tree
                0x0000000008005ad4       0xd0 ./Core/Src/trees.o
 .text.send_all_trees
                0x0000000008005ba4      0x18c ./Core/Src/trees.o
 .text._tr_stored_block
                0x0000000008005d30       0x62 ./Core/Src/trees.o
                0x0000000008005d30                _tr_stored_block
 .text._tr_flush_bits
                0x0000000008005d92       0x16 ./Core/Src/trees.o
                0x0000000008005d92                _tr_flush_bits
 .text._tr_align
                0x0000000008005da8       0x68 ./Core/Src/trees.o
                0x0000000008005da8                _tr_align
 .text._tr_flush_block
                0x0000000008005e10      0x2a4 ./Core/Src/trees.o
                0x0000000008005e10                _tr_flush_block
 .text._tr_tally
                0x00000000080060b4      0x16c ./Core/Src/trees.o
                0x00000000080060b4                _tr_tally
 .text.compress_block
                0x0000000008006220      0x25c ./Core/Src/trees.o
 .text.detect_data_type
                0x000000000800647c       0x9c ./Core/Src/trees.o
 .text.bi_reverse
                0x0000000008006518       0x34 ./Core/Src/trees.o
 .text.bi_flush
                0x000000000800654c       0xd6 ./Core/Src/trees.o
 .text.bi_windup
                0x0000000008006622       0xc2 ./Core/Src/trees.o
 .text.copy_block
                0x00000000080066e4       0xe6 ./Core/Src/trees.o
 *fill*         0x00000000080067ca        0x2 
 .text.z_error  0x00000000080067cc       0x28 ./Core/Src/zutil.o
                0x00000000080067cc                z_error
 .text.zcalloc  0x00000000080067f4       0x28 ./Core/Src/zutil.o
                0x00000000080067f4                zcalloc
 .text.zcfree   0x000000000800681c       0x1a ./Core/Src/zutil.o
                0x000000000800681c                zcfree
 *fill*         0x0000000008006836        0x2 
 .text.Reset_Handler
                0x0000000008006838       0x48 ./Core/Startup/startup_stm32l152retx.o
                0x0000000008006838                Reset_Handler
 .text.Default_Handler
                0x0000000008006880        0x2 ./Core/Startup/startup_stm32l152retx.o
                0x0000000008006880                RTC_Alarm_IRQHandler
                0x0000000008006880                EXTI2_IRQHandler
                0x0000000008006880                COMP_ACQ_IRQHandler
                0x0000000008006880                TIM10_IRQHandler
                0x0000000008006880                USB_HP_IRQHandler
                0x0000000008006880                TIM6_IRQHandler
                0x0000000008006880                PVD_IRQHandler
                0x0000000008006880                EXTI3_IRQHandler
                0x0000000008006880                EXTI0_IRQHandler
                0x0000000008006880                I2C2_EV_IRQHandler
                0x0000000008006880                SPI1_IRQHandler
                0x0000000008006880                USB_FS_WKUP_IRQHandler
                0x0000000008006880                DMA2_Channel2_IRQHandler
                0x0000000008006880                DMA1_Channel4_IRQHandler
                0x0000000008006880                ADC1_IRQHandler
                0x0000000008006880                USART3_IRQHandler
                0x0000000008006880                DMA1_Channel7_IRQHandler
                0x0000000008006880                LCD_IRQHandler
                0x0000000008006880                UART5_IRQHandler
                0x0000000008006880                TIM4_IRQHandler
                0x0000000008006880                DMA2_Channel1_IRQHandler
                0x0000000008006880                I2C1_EV_IRQHandler
                0x0000000008006880                DMA1_Channel6_IRQHandler
                0x0000000008006880                UART4_IRQHandler
                0x0000000008006880                DMA2_Channel4_IRQHandler
                0x0000000008006880                TIM3_IRQHandler
                0x0000000008006880                RCC_IRQHandler
                0x0000000008006880                DMA1_Channel1_IRQHandler
                0x0000000008006880                Default_Handler
                0x0000000008006880                EXTI15_10_IRQHandler
                0x0000000008006880                TIM7_IRQHandler
                0x0000000008006880                TIM5_IRQHandler
                0x0000000008006880                EXTI9_5_IRQHandler
                0x0000000008006880                TIM9_IRQHandler
                0x0000000008006880                TAMPER_STAMP_IRQHandler
                0x0000000008006880                RTC_WKUP_IRQHandler
                0x0000000008006880                SPI2_IRQHandler
                0x0000000008006880                DMA2_Channel5_IRQHandler
                0x0000000008006880                DMA1_Channel5_IRQHandler
                0x0000000008006880                USB_LP_IRQHandler
                0x0000000008006880                EXTI4_IRQHandler
                0x0000000008006880                DMA1_Channel3_IRQHandler
                0x0000000008006880                COMP_IRQHandler
                0x0000000008006880                WWDG_IRQHandler
                0x0000000008006880                TIM2_IRQHandler
                0x0000000008006880                DAC_IRQHandler
                0x0000000008006880                EXTI1_IRQHandler
                0x0000000008006880                TIM11_IRQHandler
                0x0000000008006880                USART2_IRQHandler
                0x0000000008006880                I2C2_ER_IRQHandler
                0x0000000008006880                DMA1_Channel2_IRQHandler
                0x0000000008006880                FLASH_IRQHandler
                0x0000000008006880                USART1_IRQHandler
                0x0000000008006880                SPI3_IRQHandler
                0x0000000008006880                I2C1_ER_IRQHandler
                0x0000000008006880                DMA2_Channel3_IRQHandler
 .text.HAL_Init
                0x0000000008006882       0x30 ./Drivers/STM32L1xx_HAL_Driver/Src/stm32l1xx_hal.o
                0x0000000008006882                HAL_Init
 *fill*         0x00000000080068b2        0x2 
 .text.HAL_InitTick
                0x00000000080068b4       0x74 ./Drivers/STM32L1xx_HAL_Driver/Src/stm32l1xx_hal.o
                0x00000000080068b4                HAL_InitTick
 .text.HAL_IncTick
                0x0000000008006928       0x24 ./Drivers/STM32L1xx_HAL_Driver/Src/stm32l1xx_hal.o
                0x0000000008006928                HAL_IncTick
 .text.HAL_GetTick
                0x000000000800694c       0x14 ./Drivers/STM32L1xx_HAL_Driver/Src/stm32l1xx_hal.o
                0x000000000800694c                HAL_GetTick
 .text.HAL_Delay
                0x0000000008006960       0x44 ./Drivers/STM32L1xx_HAL_Driver/Src/stm32l1xx_hal.o
                0x0000000008006960                HAL_Delay
 .text.__NVIC_SetPriorityGrouping
                0x00000000080069a4       0x48 ./Drivers/STM32L1xx_HAL_Driver/Src/stm32l1xx_hal_cortex.o
 .text.__NVIC_GetPriorityGrouping
                0x00000000080069ec       0x1c ./Drivers/STM32L1xx_HAL_Driver/Src/stm32l1xx_hal_cortex.o
 .text.__NVIC_SetPriority
                0x0000000008006a08       0x54 ./Drivers/STM32L1xx_HAL_Driver/Src/stm32l1xx_hal_cortex.o
 .text.NVIC_EncodePriority
                0x0000000008006a5c       0x64 ./Drivers/STM32L1xx_HAL_Driver/Src/stm32l1xx_hal_cortex.o
 .text.SysTick_Config
                0x0000000008006ac0       0x44 ./Drivers/STM32L1xx_HAL_Driver/Src/stm32l1xx_hal_cortex.o
 .text.HAL_NVIC_SetPriorityGrouping
                0x0000000008006b04       0x16 ./Drivers/STM32L1xx_HAL_Driver/Src/stm32l1xx_hal_cortex.o
                0x0000000008006b04                HAL_NVIC_SetPriorityGrouping
 .text.HAL_NVIC_SetPriority
                0x0000000008006b1a       0x38 ./Drivers/STM32L1xx_HAL_Driver/Src/stm32l1xx_hal_cortex.o
                0x0000000008006b1a                HAL_NVIC_SetPriority
 .text.HAL_SYSTICK_Config
                0x0000000008006b52       0x18 ./Drivers/STM32L1xx_HAL_Driver/Src/stm32l1xx_hal_cortex.o
                0x0000000008006b52                HAL_SYSTICK_Config
 *fill*         0x0000000008006b6a        0x2 
 .text.HAL_GPIO_Init
                0x0000000008006b6c      0x320 ./Drivers/STM32L1xx_HAL_Driver/Src/stm32l1xx_hal_gpio.o
                0x0000000008006b6c                HAL_GPIO_Init
 .text.HAL_GPIO_WritePin
                0x0000000008006e8c       0x30 ./Drivers/STM32L1xx_HAL_Driver/Src/stm32l1xx_hal_gpio.o
                0x0000000008006e8c                HAL_GPIO_WritePin
 .text.HAL_RCC_OscConfig
                0x0000000008006ebc      0x660 ./Drivers/STM32L1xx_HAL_Driver/Src/stm32l1xx_hal_rcc.o
                0x0000000008006ebc                HAL_RCC_OscConfig
 .text.HAL_RCC_ClockConfig
                0x000000000800751c      0x268 ./Drivers/STM32L1xx_HAL_Driver/Src/stm32l1xx_hal_rcc.o
                0x000000000800751c                HAL_RCC_ClockConfig
 .text.HAL_RCC_GetSysClockFreq
                0x0000000008007784      0x17c ./Drivers/STM32L1xx_HAL_Driver/Src/stm32l1xx_hal_rcc.o
                0x0000000008007784                HAL_RCC_GetSysClockFreq
 .text.HAL_RCC_GetHCLKFreq
                0x0000000008007900       0x14 ./Drivers/STM32L1xx_HAL_Driver/Src/stm32l1xx_hal_rcc.o
                0x0000000008007900                HAL_RCC_GetHCLKFreq
 .text.HAL_RCC_GetPCLK1Freq
                0x0000000008007914       0x28 ./Drivers/STM32L1xx_HAL_Driver/Src/stm32l1xx_hal_rcc.o
                0x0000000008007914                HAL_RCC_GetPCLK1Freq
 .text.HAL_RCC_GetPCLK2Freq
                0x000000000800793c       0x28 ./Drivers/STM32L1xx_HAL_Driver/Src/stm32l1xx_hal_rcc.o
                0x000000000800793c                HAL_RCC_GetPCLK2Freq
 .text.RCC_SetFlashLatencyFromMSIRange
                0x0000000008007964       0xc0 ./Drivers/STM32L1xx_HAL_Driver/Src/stm32l1xx_hal_rcc.o
 .text.HAL_SPI_Init
                0x0000000008007a24      0x112 ./Drivers/STM32L1xx_HAL_Driver/Src/stm32l1xx_hal_spi.o
                0x0000000008007a24                HAL_SPI_Init
 .text.HAL_SPI_Transmit
                0x0000000008007b36      0x278 ./Drivers/STM32L1xx_HAL_Driver/Src/stm32l1xx_hal_spi.o
                0x0000000008007b36                HAL_SPI_Transmit
 .text.HAL_SPI_TransmitReceive
                0x0000000008007dae      0x344 ./Drivers/STM32L1xx_HAL_Driver/Src/stm32l1xx_hal_spi.o
                0x0000000008007dae                HAL_SPI_TransmitReceive
 *fill*         0x00000000080080f2        0x2 
 .text.SPI_WaitFlagStateUntilTimeout
                0x00000000080080f4      0x110 ./Drivers/STM32L1xx_HAL_Driver/Src/stm32l1xx_hal_spi.o
 .text.SPI_EndRxTxTransaction
                0x0000000008008204       0x84 ./Drivers/STM32L1xx_HAL_Driver/Src/stm32l1xx_hal_spi.o
 .text.HAL_TIM_Base_Init
                0x0000000008008288       0x7e ./Drivers/STM32L1xx_HAL_Driver/Src/stm32l1xx_hal_tim.o
                0x0000000008008288                HAL_TIM_Base_Init
 *fill*         0x0000000008008306        0x2 
 .text.HAL_TIM_Base_Start
                0x0000000008008308       0x94 ./Drivers/STM32L1xx_HAL_Driver/Src/stm32l1xx_hal_tim.o
                0x0000000008008308                HAL_TIM_Base_Start
 .text.HAL_TIM_ConfigClockSource
                0x000000000800839c      0x188 ./Drivers/STM32L1xx_HAL_Driver/Src/stm32l1xx_hal_tim.o
                0x000000000800839c                HAL_TIM_ConfigClockSource
 .text.TIM_Base_SetConfig
                0x0000000008008524       0xe0 ./Drivers/STM32L1xx_HAL_Driver/Src/stm32l1xx_hal_tim.o
 .text.TIM_TI1_ConfigInputStage
                0x0000000008008604       0x5c ./Drivers/STM32L1xx_HAL_Driver/Src/stm32l1xx_hal_tim.o
 .text.TIM_TI2_ConfigInputStage
                0x0000000008008660       0x5e ./Drivers/STM32L1xx_HAL_Driver/Src/stm32l1xx_hal_tim.o
 .text.TIM_ITRx_SetConfig
                0x00000000080086be       0x34 ./Drivers/STM32L1xx_HAL_Driver/Src/stm32l1xx_hal_tim.o
 .text.TIM_ETR_SetConfig
                0x00000000080086f2       0x3e ./Drivers/STM32L1xx_HAL_Driver/Src/stm32l1xx_hal_tim.o
 .text.HAL_UART_Init
                0x0000000008008730       0x9a ./Drivers/STM32L1xx_HAL_Driver/Src/stm32l1xx_hal_uart.o
                0x0000000008008730                HAL_UART_Init
 .text.HAL_UART_Transmit
                0x00000000080087ca      0x124 ./Drivers/STM32L1xx_HAL_Driver/Src/stm32l1xx_hal_uart.o
                0x00000000080087ca                HAL_UART_Transmit
 .text.UART_WaitOnFlagUntilTimeout
                0x00000000080088ee       0x94 ./Drivers/STM32L1xx_HAL_Driver/Src/stm32l1xx_hal_uart.o
 *fill*         0x0000000008008982        0x2 
 .text.UART_SetConfig
                0x0000000008008984      0x1c8 ./Drivers/STM32L1xx_HAL_Driver/Src/stm32l1xx_hal_uart.o
 .text.MX_FATFS_Init
                0x0000000008008b4c       0x24 ./FATFS/App/fatfs.o
                0x0000000008008b4c                MX_FATFS_Init
 .text.get_fattime
                0x0000000008008b70        0xe ./FATFS/App/fatfs.o
                0x0000000008008b70                get_fattime
 .text.USER_initialize
                0x0000000008008b7e       0x1e ./FATFS/Target/user_diskio.o
                0x0000000008008b7e                USER_initialize
 .text.USER_status
                0x0000000008008b9c       0x1e ./FATFS/Target/user_diskio.o
                0x0000000008008b9c                USER_status
 .text.USER_read
                0x0000000008008bba       0x28 ./FATFS/Target/user_diskio.o
                0x0000000008008bba                USER_read
 .text.USER_write
                0x0000000008008be2       0x28 ./FATFS/Target/user_diskio.o
                0x0000000008008be2                USER_write
 .text.USER_ioctl
                0x0000000008008c0a       0x28 ./FATFS/Target/user_diskio.o
                0x0000000008008c0a                USER_ioctl
 *fill*         0x0000000008008c32        0x2 
 .text.disk_status
                0x0000000008008c34       0x34 ./Middlewares/Third_Party/FatFs/src/diskio.o
                0x0000000008008c34                disk_status
 .text.disk_initialize
                0x0000000008008c68       0x4c ./Middlewares/Third_Party/FatFs/src/diskio.o
                0x0000000008008c68                disk_initialize
 .text.disk_read
                0x0000000008008cb4       0x40 ./Middlewares/Third_Party/FatFs/src/diskio.o
                0x0000000008008cb4                disk_read
 .text.disk_write
                0x0000000008008cf4       0x40 ./Middlewares/Third_Party/FatFs/src/diskio.o
                0x0000000008008cf4                disk_write
 .text.disk_ioctl
                0x0000000008008d34       0x3c ./Middlewares/Third_Party/FatFs/src/diskio.o
                0x0000000008008d34                disk_ioctl
 .text.ld_word  0x0000000008008d70       0x2e ./Middlewares/Third_Party/FatFs/src/ff.o
 .text.ld_dword
                0x0000000008008d9e       0x44 ./Middlewares/Third_Party/FatFs/src/ff.o
 .text.st_word  0x0000000008008de2       0x34 ./Middlewares/Third_Party/FatFs/src/ff.o
 .text.st_dword
                0x0000000008008e16       0x56 ./Middlewares/Third_Party/FatFs/src/ff.o
 .text.mem_cpy  0x0000000008008e6c       0x40 ./Middlewares/Third_Party/FatFs/src/ff.o
 .text.mem_set  0x0000000008008eac       0x34 ./Middlewares/Third_Party/FatFs/src/ff.o
 .text.mem_cmp  0x0000000008008ee0       0x4c ./Middlewares/Third_Party/FatFs/src/ff.o
 .text.chk_chr  0x0000000008008f2c       0x34 ./Middlewares/Third_Party/FatFs/src/ff.o
 .text.chk_lock
                0x0000000008008f60       0xb4 ./Middlewares/Third_Party/FatFs/src/ff.o
 .text.enq_lock
                0x0000000008009014       0x40 ./Middlewares/Third_Party/FatFs/src/ff.o
 .text.inc_lock
                0x0000000008009054      0x11c ./Middlewares/Third_Party/FatFs/src/ff.o
 .text.dec_lock
                0x0000000008009170       0x74 ./Middlewares/Third_Party/FatFs/src/ff.o
 .text.clear_lock
                0x00000000080091e4       0x48 ./Middlewares/Third_Party/FatFs/src/ff.o
 .text.sync_window
                0x000000000800922c       0x88 ./Middlewares/Third_Party/FatFs/src/ff.o
 .text.move_window
                0x00000000080092b4       0x5a ./Middlewares/Third_Party/FatFs/src/ff.o
 *fill*         0x000000000800930e        0x2 
 .text.sync_fs  0x0000000008009310       0xe0 ./Middlewares/Third_Party/FatFs/src/ff.o
 .text.clust2sect
                0x00000000080093f0       0x3c ./Middlewares/Third_Party/FatFs/src/ff.o
 .text.get_fat  0x000000000800942c      0x1a8 ./Middlewares/Third_Party/FatFs/src/ff.o
 .text.put_fat  0x00000000080095d4      0x238 ./Middlewares/Third_Party/FatFs/src/ff.o
 .text.remove_chain
                0x000000000800980c       0xca ./Middlewares/Third_Party/FatFs/src/ff.o
 .text.create_chain
                0x00000000080098d6      0x130 ./Middlewares/Third_Party/FatFs/src/ff.o
 .text.clmt_clust
                0x0000000008009a06       0x6e ./Middlewares/Third_Party/FatFs/src/ff.o
 .text.dir_sdi  0x0000000008009a74      0x112 ./Middlewares/Third_Party/FatFs/src/ff.o
 .text.dir_next
                0x0000000008009b86      0x1ac ./Middlewares/Third_Party/FatFs/src/ff.o
 .text.dir_alloc
                0x0000000008009d32       0x8e ./Middlewares/Third_Party/FatFs/src/ff.o
 .text.ld_clust
                0x0000000008009dc0       0x3e ./Middlewares/Third_Party/FatFs/src/ff.o
 .text.st_clust
                0x0000000008009dfe       0x40 ./Middlewares/Third_Party/FatFs/src/ff.o
 *fill*         0x0000000008009e3e        0x2 
 .text.cmp_lfn  0x0000000008009e40       0xe0 ./Middlewares/Third_Party/FatFs/src/ff.o
 .text.put_lfn  0x0000000008009f20       0xd0 ./Middlewares/Third_Party/FatFs/src/ff.o
 .text.gen_numname
                0x0000000008009ff0      0x11c ./Middlewares/Third_Party/FatFs/src/ff.o
 .text.sum_sfn  0x000000000800a10c       0x40 ./Middlewares/Third_Party/FatFs/src/ff.o
 .text.dir_find
                0x000000000800a14c      0x180 ./Middlewares/Third_Party/FatFs/src/ff.o
 .text.dir_register
                0x000000000800a2cc      0x1f0 ./Middlewares/Third_Party/FatFs/src/ff.o
 .text.create_name
                0x000000000800a4bc      0x370 ./Middlewares/Third_Party/FatFs/src/ff.o
 .text.follow_path
                0x000000000800a82c       0xec ./Middlewares/Third_Party/FatFs/src/ff.o
 .text.get_ldnumber
                0x000000000800a918       0x86 ./Middlewares/Third_Party/FatFs/src/ff.o
 *fill*         0x000000000800a99e        0x2 
 .text.check_fs
                0x000000000800a9a0       0xac ./Middlewares/Third_Party/FatFs/src/ff.o
 .text.find_volume
                0x000000000800aa4c      0x50c ./Middlewares/Third_Party/FatFs/src/ff.o
 .text.validate
                0x000000000800af58       0x6a ./Middlewares/Third_Party/FatFs/src/ff.o
 *fill*         0x000000000800afc2        0x2 
 .text.f_mount  0x000000000800afc4       0x8c ./Middlewares/Third_Party/FatFs/src/ff.o
                0x000000000800afc4                f_mount
 .text.f_open   0x000000000800b050      0x398 ./Middlewares/Third_Party/FatFs/src/ff.o
                0x000000000800b050                f_open
 .text.f_read   0x000000000800b3e8      0x2be ./Middlewares/Third_Party/FatFs/src/ff.o
                0x000000000800b3e8                f_read
 .text.f_write  0x000000000800b6a6      0x328 ./Middlewares/Third_Party/FatFs/src/ff.o
                0x000000000800b6a6                f_write
 .text.f_sync   0x000000000800b9ce       0xfc ./Middlewares/Third_Party/FatFs/src/ff.o
                0x000000000800b9ce                f_sync
 .text.f_close  0x000000000800baca       0x54 ./Middlewares/Third_Party/FatFs/src/ff.o
                0x000000000800baca                f_close
 *fill*         0x000000000800bb1e        0x2 
 .text.FATFS_LinkDriverEx
                0x000000000800bb20       0x94 ./Middlewares/Third_Party/FatFs/src/ff_gen_drv.o
                0x000000000800bb20                FATFS_LinkDriverEx
 .text.FATFS_LinkDriver
                0x000000000800bbb4       0x1e ./Middlewares/Third_Party/FatFs/src/ff_gen_drv.o
                0x000000000800bbb4                FATFS_LinkDriver
 *fill*         0x000000000800bbd2        0x2 
 .text.ff_convert
                0x000000000800bbd4       0x74 ./Middlewares/Third_Party/FatFs/src/option/ccsbcs.o
                0x000000000800bbd4                ff_convert
 .text.ff_wtoupper
                0x000000000800bc48      0x110 ./Middlewares/Third_Party/FatFs/src/option/ccsbcs.o
                0x000000000800bc48                ff_wtoupper
 .text.__errno  0x000000000800bd58        0xc c:/st/stm32cubeide_1.11.0/stm32cubeide/plugins/com.st.stm32cube.ide.mcu.externaltools.gnu-tools-for-stm32.10.3-2021.10.win32_1.0.100.202210260954/tools/bin/../lib/gcc/arm-none-eabi/10.3.1/../../../../arm-none-eabi/lib/thumb/v7-m/nofp\libc_nano.a(lib_a-errno.o)
                0x000000000800bd58                __errno
 .text.exit     0x000000000800bd64       0x28 c:/st/stm32cubeide_1.11.0/stm32cubeide/plugins/com.st.stm32cube.ide.mcu.externaltools.gnu-tools-for-stm32.10.3-2021.10.win32_1.0.100.202210260954/tools/bin/../lib/gcc/arm-none-eabi/10.3.1/../../../../arm-none-eabi/lib/thumb/v7-m/nofp\libc_nano.a(lib_a-exit.o)
                0x000000000800bd64                exit
 .text.fprintf  0x000000000800bd8c       0x24 c:/st/stm32cubeide_1.11.0/stm32cubeide/plugins/com.st.stm32cube.ide.mcu.externaltools.gnu-tools-for-stm32.10.3-2021.10.win32_1.0.100.202210260954/tools/bin/../lib/gcc/arm-none-eabi/10.3.1/../../../../arm-none-eabi/lib/thumb/v7-m/nofp\libc_nano.a(lib_a-fprintf.o)
                0x000000000800bd8c                fiprintf
                0x000000000800bd8c                fprintf
 .text._fputc_r
                0x000000000800bdb0       0x70 c:/st/stm32cubeide_1.11.0/stm32cubeide/plugins/com.st.stm32cube.ide.mcu.externaltools.gnu-tools-for-stm32.10.3-2021.10.win32_1.0.100.202210260954/tools/bin/../lib/gcc/arm-none-eabi/10.3.1/../../../../arm-none-eabi/lib/thumb/v7-m/nofp\libc_nano.a(lib_a-fputc.o)
                0x000000000800bdb0                _fputc_r
 .text.fputc    0x000000000800be20       0x10 c:/st/stm32cubeide_1.11.0/stm32cubeide/plugins/com.st.stm32cube.ide.mcu.externaltools.gnu-tools-for-stm32.10.3-2021.10.win32_1.0.100.202210260954/tools/bin/../lib/gcc/arm-none-eabi/10.3.1/../../../../arm-none-eabi/lib/thumb/v7-m/nofp\libc_nano.a(lib_a-fputc.o)
                0x000000000800be20                fputc
 .text._fwrite_r
                0x000000000800be30       0xc0 c:/st/stm32cubeide_1.11.0/stm32cubeide/plugins/com.st.stm32cube.ide.mcu.externaltools.gnu-tools-for-stm32.10.3-2021.10.win32_1.0.100.202210260954/tools/bin/../lib/gcc/arm-none-eabi/10.3.1/../../../../arm-none-eabi/lib/thumb/v7-m/nofp\libc_nano.a(lib_a-fwrite.o)
                0x000000000800be30                _fwrite_r
 .text.fwrite   0x000000000800bef0       0x1c c:/st/stm32cubeide_1.11.0/stm32cubeide/plugins/com.st.stm32cube.ide.mcu.externaltools.gnu-tools-for-stm32.10.3-2021.10.win32_1.0.100.202210260954/tools/bin/../lib/gcc/arm-none-eabi/10.3.1/../../../../arm-none-eabi/lib/thumb/v7-m/nofp\libc_nano.a(lib_a-fwrite.o)
                0x000000000800bef0                fwrite
 .text.__libc_init_array
                0x000000000800bf0c       0x48 c:/st/stm32cubeide_1.11.0/stm32cubeide/plugins/com.st.stm32cube.ide.mcu.externaltools.gnu-tools-for-stm32.10.3-2021.10.win32_1.0.100.202210260954/tools/bin/../lib/gcc/arm-none-eabi/10.3.1/../../../../arm-none-eabi/lib/thumb/v7-m/nofp\libc_nano.a(lib_a-init.o)
                0x000000000800bf0c                __libc_init_array
 .text.__retarget_lock_init_recursive
                0x000000000800bf54        0x2 c:/st/stm32cubeide_1.11.0/stm32cubeide/plugins/com.st.stm32cube.ide.mcu.externaltools.gnu-tools-for-stm32.10.3-2021.10.win32_1.0.100.202210260954/tools/bin/../lib/gcc/arm-none-eabi/10.3.1/../../../../arm-none-eabi/lib/thumb/v7-m/nofp\libc_nano.a(lib_a-lock.o)
                0x000000000800bf54                __retarget_lock_init_recursive
 .text.__retarget_lock_acquire_recursive
                0x000000000800bf56        0x2 c:/st/stm32cubeide_1.11.0/stm32cubeide/plugins/com.st.stm32cube.ide.mcu.externaltools.gnu-tools-for-stm32.10.3-2021.10.win32_1.0.100.202210260954/tools/bin/../lib/gcc/arm-none-eabi/10.3.1/../../../../arm-none-eabi/lib/thumb/v7-m/nofp\libc_nano.a(lib_a-lock.o)
                0x000000000800bf56                __retarget_lock_acquire_recursive
 .text.__retarget_lock_release_recursive
                0x000000000800bf58        0x2 c:/st/stm32cubeide_1.11.0/stm32cubeide/plugins/com.st.stm32cube.ide.mcu.externaltools.gnu-tools-for-stm32.10.3-2021.10.win32_1.0.100.202210260954/tools/bin/../lib/gcc/arm-none-eabi/10.3.1/../../../../arm-none-eabi/lib/thumb/v7-m/nofp\libc_nano.a(lib_a-lock.o)
                0x000000000800bf58                __retarget_lock_release_recursive
 *fill*         0x000000000800bf5a        0x2 
 .text.malloc   0x000000000800bf5c       0x10 c:/st/stm32cubeide_1.11.0/stm32cubeide/plugins/com.st.stm32cube.ide.mcu.externaltools.gnu-tools-for-stm32.10.3-2021.10.win32_1.0.100.202210260954/tools/bin/../lib/gcc/arm-none-eabi/10.3.1/../../../../arm-none-eabi/lib/thumb/v7-m/nofp\libc_nano.a(lib_a-malloc.o)
                0x000000000800bf5c                malloc
 .text.free     0x000000000800bf6c       0x10 c:/st/stm32cubeide_1.11.0/stm32cubeide/plugins/com.st.stm32cube.ide.mcu.externaltools.gnu-tools-for-stm32.10.3-2021.10.win32_1.0.100.202210260954/tools/bin/../lib/gcc/arm-none-eabi/10.3.1/../../../../arm-none-eabi/lib/thumb/v7-m/nofp\libc_nano.a(lib_a-malloc.o)
                0x000000000800bf6c                free
 .text.memcmp   0x000000000800bf7c       0x20 c:/st/stm32cubeide_1.11.0/stm32cubeide/plugins/com.st.stm32cube.ide.mcu.externaltools.gnu-tools-for-stm32.10.3-2021.10.win32_1.0.100.202210260954/tools/bin/../lib/gcc/arm-none-eabi/10.3.1/../../../../arm-none-eabi/lib/thumb/v7-m/nofp\libc_nano.a(lib_a-memcmp.o)
                0x000000000800bf7c                memcmp
 .text.memcpy   0x000000000800bf9c       0x1c c:/st/stm32cubeide_1.11.0/stm32cubeide/plugins/com.st.stm32cube.ide.mcu.externaltools.gnu-tools-for-stm32.10.3-2021.10.win32_1.0.100.202210260954/tools/bin/../lib/gcc/arm-none-eabi/10.3.1/../../../../arm-none-eabi/lib/thumb/v7-m/nofp\libc_nano.a(lib_a-memcpy-stub.o)
                0x000000000800bf9c                memcpy
 .text.memset   0x000000000800bfb8       0x10 c:/st/stm32cubeide_1.11.0/stm32cubeide/plugins/com.st.stm32cube.ide.mcu.externaltools.gnu-tools-for-stm32.10.3-2021.10.win32_1.0.100.202210260954/tools/bin/../lib/gcc/arm-none-eabi/10.3.1/../../../../arm-none-eabi/lib/thumb/v7-m/nofp\libc_nano.a(lib_a-memset.o)
                0x000000000800bfb8                memset
 .text._free_r  0x000000000800bfc8       0x90 c:/st/stm32cubeide_1.11.0/stm32cubeide/plugins/com.st.stm32cube.ide.mcu.externaltools.gnu-tools-for-stm32.10.3-2021.10.win32_1.0.100.202210260954/tools/bin/../lib/gcc/arm-none-eabi/10.3.1/../../../../arm-none-eabi/lib/thumb/v7-m/nofp\libc_nano.a(lib_a-nano-freer.o)
                0x000000000800bfc8                _free_r
 .text.sbrk_aligned
                0x000000000800c058       0x40 c:/st/stm32cubeide_1.11.0/stm32cubeide/plugins/com.st.stm32cube.ide.mcu.externaltools.gnu-tools-for-stm32.10.3-2021.10.win32_1.0.100.202210260954/tools/bin/../lib/gcc/arm-none-eabi/10.3.1/../../../../arm-none-eabi/lib/thumb/v7-m/nofp\libc_nano.a(lib_a-nano-mallocr.o)
 .text._malloc_r
                0x000000000800c098       0xe8 c:/st/stm32cubeide_1.11.0/stm32cubeide/plugins/com.st.stm32cube.ide.mcu.externaltools.gnu-tools-for-stm32.10.3-2021.10.win32_1.0.100.202210260954/tools/bin/../lib/gcc/arm-none-eabi/10.3.1/../../../../arm-none-eabi/lib/thumb/v7-m/nofp\libc_nano.a(lib_a-nano-mallocr.o)
                0x000000000800c098                _malloc_r
 .text.__sfputc_r
                0x000000000800c180       0x2a c:/st/stm32cubeide_1.11.0/stm32cubeide/plugins/com.st.stm32cube.ide.mcu.externaltools.gnu-tools-for-stm32.10.3-2021.10.win32_1.0.100.202210260954/tools/bin/../lib/gcc/arm-none-eabi/10.3.1/../../../../arm-none-eabi/lib/thumb/v7-m/nofp\libc_nano.a(lib_a-nano-vfprintf.o)
 .text.__sfputs_r
                0x000000000800c1aa       0x24 c:/st/stm32cubeide_1.11.0/stm32cubeide/plugins/com.st.stm32cube.ide.mcu.externaltools.gnu-tools-for-stm32.10.3-2021.10.win32_1.0.100.202210260954/tools/bin/../lib/gcc/arm-none-eabi/10.3.1/../../../../arm-none-eabi/lib/thumb/v7-m/nofp\libc_nano.a(lib_a-nano-vfprintf.o)
                0x000000000800c1aa                __sfputs_r
 *fill*         0x000000000800c1ce        0x2 
 .text._vfprintf_r
                0x000000000800c1d0      0x260 c:/st/stm32cubeide_1.11.0/stm32cubeide/plugins/com.st.stm32cube.ide.mcu.externaltools.gnu-tools-for-stm32.10.3-2021.10.win32_1.0.100.202210260954/tools/bin/../lib/gcc/arm-none-eabi/10.3.1/../../../../arm-none-eabi/lib/thumb/v7-m/nofp\libc_nano.a(lib_a-nano-vfprintf.o)
                0x000000000800c1d0                _vfprintf_r
                0x000000000800c1d0                _vfiprintf_r
 .text._printf_common
                0x000000000800c430       0xde c:/st/stm32cubeide_1.11.0/stm32cubeide/plugins/com.st.stm32cube.ide.mcu.externaltools.gnu-tools-for-stm32.10.3-2021.10.win32_1.0.100.202210260954/tools/bin/../lib/gcc/arm-none-eabi/10.3.1/../../../../arm-none-eabi/lib/thumb/v7-m/nofp\libc_nano.a(lib_a-nano-vfprintf_i.o)
                0x000000000800c430                _printf_common
 *fill*         0x000000000800c50e        0x2 
 .text._printf_i
                0x000000000800c510      0x24c c:/st/stm32cubeide_1.11.0/stm32cubeide/plugins/com.st.stm32cube.ide.mcu.externaltools.gnu-tools-for-stm32.10.3-2021.10.win32_1.0.100.202210260954/tools/bin/../lib/gcc/arm-none-eabi/10.3.1/../../../../arm-none-eabi/lib/thumb/v7-m/nofp\libc_nano.a(lib_a-nano-vfprintf_i.o)
                0x000000000800c510                _printf_i
 .text._putc_r  0x000000000800c75c       0x90 c:/st/stm32cubeide_1.11.0/stm32cubeide/plugins/com.st.stm32cube.ide.mcu.externaltools.gnu-tools-for-stm32.10.3-2021.10.win32_1.0.100.202210260954/tools/bin/../lib/gcc/arm-none-eabi/10.3.1/../../../../arm-none-eabi/lib/thumb/v7-m/nofp\libc_nano.a(lib_a-putc.o)
                0x000000000800c75c                _putc_r
 .text.putc     0x000000000800c7ec       0x10 c:/st/stm32cubeide_1.11.0/stm32cubeide/plugins/com.st.stm32cube.ide.mcu.externaltools.gnu-tools-for-stm32.10.3-2021.10.win32_1.0.100.202210260954/tools/bin/../lib/gcc/arm-none-eabi/10.3.1/../../../../arm-none-eabi/lib/thumb/v7-m/nofp\libc_nano.a(lib_a-putc.o)
                0x000000000800c7ec                putc
 .text._sbrk_r  0x000000000800c7fc       0x20 c:/st/stm32cubeide_1.11.0/stm32cubeide/plugins/com.st.stm32cube.ide.mcu.externaltools.gnu-tools-for-stm32.10.3-2021.10.win32_1.0.100.202210260954/tools/bin/../lib/gcc/arm-none-eabi/10.3.1/../../../../arm-none-eabi/lib/thumb/v7-m/nofp\libc_nano.a(lib_a-sbrkr.o)
                0x000000000800c7fc                _sbrk_r
 .text._vsprintf_r
                0x000000000800c81c       0x2c c:/st/stm32cubeide_1.11.0/stm32cubeide/plugins/com.st.stm32cube.ide.mcu.externaltools.gnu-tools-for-stm32.10.3-2021.10.win32_1.0.100.202210260954/tools/bin/../lib/gcc/arm-none-eabi/10.3.1/../../../../arm-none-eabi/lib/thumb/v7-m/nofp\libc_nano.a(lib_a-vsprintf.o)
                0x000000000800c81c                _vsprintf_r
                0x000000000800c81c                _vsiprintf_r
 .text.vsprintf
                0x000000000800c848       0x14 c:/st/stm32cubeide_1.11.0/stm32cubeide/plugins/com.st.stm32cube.ide.mcu.externaltools.gnu-tools-for-stm32.10.3-2021.10.win32_1.0.100.202210260954/tools/bin/../lib/gcc/arm-none-eabi/10.3.1/../../../../arm-none-eabi/lib/thumb/v7-m/nofp\libc_nano.a(lib_a-vsprintf.o)
                0x000000000800c848                vsiprintf
                0x000000000800c848                vsprintf
 .text.__swbuf_r
                0x000000000800c85c       0xa4 c:/st/stm32cubeide_1.11.0/stm32cubeide/plugins/com.st.stm32cube.ide.mcu.externaltools.gnu-tools-for-stm32.10.3-2021.10.win32_1.0.100.202210260954/tools/bin/../lib/gcc/arm-none-eabi/10.3.1/../../../../arm-none-eabi/lib/thumb/v7-m/nofp\libc_nano.a(lib_a-wbuf.o)
                0x000000000800c85c                __swbuf_r
 .text.__swsetup_r
                0x000000000800c900       0xdc c:/st/stm32cubeide_1.11.0/stm32cubeide/plugins/com.st.stm32cube.ide.mcu.externaltools.gnu-tools-for-stm32.10.3-2021.10.win32_1.0.100.202210260954/tools/bin/../lib/gcc/arm-none-eabi/10.3.1/../../../../arm-none-eabi/lib/thumb/v7-m/nofp\libc_nano.a(lib_a-wsetup.o)
                0x000000000800c900                __swsetup_r
 .text.__sflush_r
                0x000000000800c9dc      0x104 c:/st/stm32cubeide_1.11.0/stm32cubeide/plugins/com.st.stm32cube.ide.mcu.externaltools.gnu-tools-for-stm32.10.3-2021.10.win32_1.0.100.202210260954/tools/bin/../lib/gcc/arm-none-eabi/10.3.1/../../../../arm-none-eabi/lib/thumb/v7-m/nofp\libc_nano.a(lib_a-fflush.o)
                0x000000000800c9dc                __sflush_r
 .text._fflush_r
                0x000000000800cae0       0x78 c:/st/stm32cubeide_1.11.0/stm32cubeide/plugins/com.st.stm32cube.ide.mcu.externaltools.gnu-tools-for-stm32.10.3-2021.10.win32_1.0.100.202210260954/tools/bin/../lib/gcc/arm-none-eabi/10.3.1/../../../../arm-none-eabi/lib/thumb/v7-m/nofp\libc_nano.a(lib_a-fflush.o)
                0x000000000800cae0                _fflush_r
 .text.std      0x000000000800cb58       0x48 c:/st/stm32cubeide_1.11.0/stm32cubeide/plugins/com.st.stm32cube.ide.mcu.externaltools.gnu-tools-for-stm32.10.3-2021.10.win32_1.0.100.202210260954/tools/bin/../lib/gcc/arm-none-eabi/10.3.1/../../../../arm-none-eabi/lib/thumb/v7-m/nofp\libc_nano.a(lib_a-findfp.o)
 .text._cleanup_r
                0x000000000800cba0        0xc c:/st/stm32cubeide_1.11.0/stm32cubeide/plugins/com.st.stm32cube.ide.mcu.externaltools.gnu-tools-for-stm32.10.3-2021.10.win32_1.0.100.202210260954/tools/bin/../lib/gcc/arm-none-eabi/10.3.1/../../../../arm-none-eabi/lib/thumb/v7-m/nofp\libc_nano.a(lib_a-findfp.o)
                0x000000000800cba0                _cleanup_r
 .text.__sfmoreglue
                0x000000000800cbac       0x2c c:/st/stm32cubeide_1.11.0/stm32cubeide/plugins/com.st.stm32cube.ide.mcu.externaltools.gnu-tools-for-stm32.10.3-2021.10.win32_1.0.100.202210260954/tools/bin/../lib/gcc/arm-none-eabi/10.3.1/../../../../arm-none-eabi/lib/thumb/v7-m/nofp\libc_nano.a(lib_a-findfp.o)
                0x000000000800cbac                __sfmoreglue
 .text.__sfp_lock_acquire
                0x000000000800cbd8        0xc c:/st/stm32cubeide_1.11.0/stm32cubeide/plugins/com.st.stm32cube.ide.mcu.externaltools.gnu-tools-for-stm32.10.3-2021.10.win32_1.0.100.202210260954/tools/bin/../lib/gcc/arm-none-eabi/10.3.1/../../../../arm-none-eabi/lib/thumb/v7-m/nofp\libc_nano.a(lib_a-findfp.o)
                0x000000000800cbd8                __sfp_lock_acquire
 .text.__sfp_lock_release
                0x000000000800cbe4        0xc c:/st/stm32cubeide_1.11.0/stm32cubeide/plugins/com.st.stm32cube.ide.mcu.externaltools.gnu-tools-for-stm32.10.3-2021.10.win32_1.0.100.202210260954/tools/bin/../lib/gcc/arm-none-eabi/10.3.1/../../../../arm-none-eabi/lib/thumb/v7-m/nofp\libc_nano.a(lib_a-findfp.o)
                0x000000000800cbe4                __sfp_lock_release
 .text.__sinit_lock_acquire
                0x000000000800cbf0        0xc c:/st/stm32cubeide_1.11.0/stm32cubeide/plugins/com.st.stm32cube.ide.mcu.externaltools.gnu-tools-for-stm32.10.3-2021.10.win32_1.0.100.202210260954/tools/bin/../lib/gcc/arm-none-eabi/10.3.1/../../../../arm-none-eabi/lib/thumb/v7-m/nofp\libc_nano.a(lib_a-findfp.o)
                0x000000000800cbf0                __sinit_lock_acquire
 .text.__sinit_lock_release
                0x000000000800cbfc        0xc c:/st/stm32cubeide_1.11.0/stm32cubeide/plugins/com.st.stm32cube.ide.mcu.externaltools.gnu-tools-for-stm32.10.3-2021.10.win32_1.0.100.202210260954/tools/bin/../lib/gcc/arm-none-eabi/10.3.1/../../../../arm-none-eabi/lib/thumb/v7-m/nofp\libc_nano.a(lib_a-findfp.o)
                0x000000000800cbfc                __sinit_lock_release
 .text.__sinit  0x000000000800cc08       0x70 c:/st/stm32cubeide_1.11.0/stm32cubeide/plugins/com.st.stm32cube.ide.mcu.externaltools.gnu-tools-for-stm32.10.3-2021.10.win32_1.0.100.202210260954/tools/bin/../lib/gcc/arm-none-eabi/10.3.1/../../../../arm-none-eabi/lib/thumb/v7-m/nofp\libc_nano.a(lib_a-findfp.o)
                0x000000000800cc08                __sinit
 .text.__sfp    0x000000000800cc78       0x8c c:/st/stm32cubeide_1.11.0/stm32cubeide/plugins/com.st.stm32cube.ide.mcu.externaltools.gnu-tools-for-stm32.10.3-2021.10.win32_1.0.100.202210260954/tools/bin/../lib/gcc/arm-none-eabi/10.3.1/../../../../arm-none-eabi/lib/thumb/v7-m/nofp\libc_nano.a(lib_a-findfp.o)
                0x000000000800cc78                __sfp
 .text._fwalk_reent
                0x000000000800cd04       0x3e c:/st/stm32cubeide_1.11.0/stm32cubeide/plugins/com.st.stm32cube.ide.mcu.externaltools.gnu-tools-for-stm32.10.3-2021.10.win32_1.0.100.202210260954/tools/bin/../lib/gcc/arm-none-eabi/10.3.1/../../../../arm-none-eabi/lib/thumb/v7-m/nofp\libc_nano.a(lib_a-fwalk.o)
                0x000000000800cd04                _fwalk_reent
 .text.__swhatbuf_r
                0x000000000800cd42       0x4a c:/st/stm32cubeide_1.11.0/stm32cubeide/plugins/com.st.stm32cube.ide.mcu.externaltools.gnu-tools-for-stm32.10.3-2021.10.win32_1.0.100.202210260954/tools/bin/../lib/gcc/arm-none-eabi/10.3.1/../../../../arm-none-eabi/lib/thumb/v7-m/nofp\libc_nano.a(lib_a-makebuf.o)
                0x000000000800cd42                __swhatbuf_r
 .text.__smakebuf_r
                0x000000000800cd8c       0x80 c:/st/stm32cubeide_1.11.0/stm32cubeide/plugins/com.st.stm32cube.ide.mcu.externaltools.gnu-tools-for-stm32.10.3-2021.10.win32_1.0.100.202210260954/tools/bin/../lib/gcc/arm-none-eabi/10.3.1/../../../../arm-none-eabi/lib/thumb/v7-m/nofp\libc_nano.a(lib_a-makebuf.o)
                0x000000000800cd8c                __smakebuf_r
 .text.memchr   0x000000000800ce0c       0x1c c:/st/stm32cubeide_1.11.0/stm32cubeide/plugins/com.st.stm32cube.ide.mcu.externaltools.gnu-tools-for-stm32.10.3-2021.10.win32_1.0.100.202210260954/tools/bin/../lib/gcc/arm-none-eabi/10.3.1/../../../../arm-none-eabi/lib/thumb/v7-m/nofp\libc_nano.a(lib_a-memchr-stub.o)
                0x000000000800ce0c                memchr
 .text.memmove  0x000000000800ce28       0x34 c:/st/stm32cubeide_1.11.0/stm32cubeide/plugins/com.st.stm32cube.ide.mcu.externaltools.gnu-tools-for-stm32.10.3-2021.10.win32_1.0.100.202210260954/tools/bin/../lib/gcc/arm-none-eabi/10.3.1/../../../../arm-none-eabi/lib/thumb/v7-m/nofp\libc_nano.a(lib_a-memmove.o)
                0x000000000800ce28                memmove
 .text.__malloc_lock
                0x000000000800ce5c        0xc c:/st/stm32cubeide_1.11.0/stm32cubeide/plugins/com.st.stm32cube.ide.mcu.externaltools.gnu-tools-for-stm32.10.3-2021.10.win32_1.0.100.202210260954/tools/bin/../lib/gcc/arm-none-eabi/10.3.1/../../../../arm-none-eabi/lib/thumb/v7-m/nofp\libc_nano.a(lib_a-mlock.o)
                0x000000000800ce5c                __malloc_lock
 .text.__malloc_unlock
                0x000000000800ce68        0xc c:/st/stm32cubeide_1.11.0/stm32cubeide/plugins/com.st.stm32cube.ide.mcu.externaltools.gnu-tools-for-stm32.10.3-2021.10.win32_1.0.100.202210260954/tools/bin/../lib/gcc/arm-none-eabi/10.3.1/../../../../arm-none-eabi/lib/thumb/v7-m/nofp\libc_nano.a(lib_a-mlock.o)
                0x000000000800ce68                __malloc_unlock
 .text._realloc_r
                0x000000000800ce74       0x5e c:/st/stm32cubeide_1.11.0/stm32cubeide/plugins/com.st.stm32cube.ide.mcu.externaltools.gnu-tools-for-stm32.10.3-2021.10.win32_1.0.100.202210260954/tools/bin/../lib/gcc/arm-none-eabi/10.3.1/../../../../arm-none-eabi/lib/thumb/v7-m/nofp\libc_nano.a(lib_a-nano-reallocr.o)
                0x000000000800ce74                _realloc_r
 .text.__ssputs_r
                0x000000000800ced2       0xb6 c:/st/stm32cubeide_1.11.0/stm32cubeide/plugins/com.st.stm32cube.ide.mcu.externaltools.gnu-tools-for-stm32.10.3-2021.10.win32_1.0.100.202210260954/tools/bin/../lib/gcc/arm-none-eabi/10.3.1/../../../../arm-none-eabi/lib/thumb/v7-m/nofp\libc_nano.a(lib_a-nano-svfprintf.o)
                0x000000000800ced2                __ssputs_r
 .text._svfprintf_r
                0x000000000800cf88      0x200 c:/st/stm32cubeide_1.11.0/stm32cubeide/plugins/com.st.stm32cube.ide.mcu.externaltools.gnu-tools-for-stm32.10.3-2021.10.win32_1.0.100.202210260954/tools/bin/../lib/gcc/arm-none-eabi/10.3.1/../../../../arm-none-eabi/lib/thumb/v7-m/nofp\libc_nano.a(lib_a-nano-svfprintf.o)
                0x000000000800cf88                _svfiprintf_r
                0x000000000800cf88                _svfprintf_r
 .text.__sread  0x000000000800d188       0x22 c:/st/stm32cubeide_1.11.0/stm32cubeide/plugins/com.st.stm32cube.ide.mcu.externaltools.gnu-tools-for-stm32.10.3-2021.10.win32_1.0.100.202210260954/tools/bin/../lib/gcc/arm-none-eabi/10.3.1/../../../../arm-none-eabi/lib/thumb/v7-m/nofp\libc_nano.a(lib_a-stdio.o)
                0x000000000800d188                __sread
 .text.__swrite
                0x000000000800d1aa       0x38 c:/st/stm32cubeide_1.11.0/stm32cubeide/plugins/com.st.stm32cube.ide.mcu.externaltools.gnu-tools-for-stm32.10.3-2021.10.win32_1.0.100.202210260954/tools/bin/../lib/gcc/arm-none-eabi/10.3.1/../../../../arm-none-eabi/lib/thumb/v7-m/nofp\libc_nano.a(lib_a-stdio.o)
                0x000000000800d1aa                __swrite
 .text.__sseek  0x000000000800d1e2       0x24 c:/st/stm32cubeide_1.11.0/stm32cubeide/plugins/com.st.stm32cube.ide.mcu.externaltools.gnu-tools-for-stm32.10.3-2021.10.win32_1.0.100.202210260954/tools/bin/../lib/gcc/arm-none-eabi/10.3.1/../../../../arm-none-eabi/lib/thumb/v7-m/nofp\libc_nano.a(lib_a-stdio.o)
                0x000000000800d1e2                __sseek
 .text.__sclose
                0x000000000800d206        0x8 c:/st/stm32cubeide_1.11.0/stm32cubeide/plugins/com.st.stm32cube.ide.mcu.externaltools.gnu-tools-for-stm32.10.3-2021.10.win32_1.0.100.202210260954/tools/bin/../lib/gcc/arm-none-eabi/10.3.1/../../../../arm-none-eabi/lib/thumb/v7-m/nofp\libc_nano.a(lib_a-stdio.o)
                0x000000000800d206                __sclose
 *fill*         0x000000000800d20e        0x2 
 .text._write_r
                0x000000000800d210       0x24 c:/st/stm32cubeide_1.11.0/stm32cubeide/plugins/com.st.stm32cube.ide.mcu.externaltools.gnu-tools-for-stm32.10.3-2021.10.win32_1.0.100.202210260954/tools/bin/../lib/gcc/arm-none-eabi/10.3.1/../../../../arm-none-eabi/lib/thumb/v7-m/nofp\libc_nano.a(lib_a-writer.o)
                0x000000000800d210                _write_r
 .text._close_r
                0x000000000800d234       0x20 c:/st/stm32cubeide_1.11.0/stm32cubeide/plugins/com.st.stm32cube.ide.mcu.externaltools.gnu-tools-for-stm32.10.3-2021.10.win32_1.0.100.202210260954/tools/bin/../lib/gcc/arm-none-eabi/10.3.1/../../../../arm-none-eabi/lib/thumb/v7-m/nofp\libc_nano.a(lib_a-closer.o)
                0x000000000800d234                _close_r
 .text._fstat_r
                0x000000000800d254       0x24 c:/st/stm32cubeide_1.11.0/stm32cubeide/plugins/com.st.stm32cube.ide.mcu.externaltools.gnu-tools-for-stm32.10.3-2021.10.win32_1.0.100.202210260954/tools/bin/../lib/gcc/arm-none-eabi/10.3.1/../../../../arm-none-eabi/lib/thumb/v7-m/nofp\libc_nano.a(lib_a-fstatr.o)
                0x000000000800d254                _fstat_r
 .text._isatty_r
                0x000000000800d278       0x20 c:/st/stm32cubeide_1.11.0/stm32cubeide/plugins/com.st.stm32cube.ide.mcu.externaltools.gnu-tools-for-stm32.10.3-2021.10.win32_1.0.100.202210260954/tools/bin/../lib/gcc/arm-none-eabi/10.3.1/../../../../arm-none-eabi/lib/thumb/v7-m/nofp\libc_nano.a(lib_a-isattyr.o)
                0x000000000800d278                _isatty_r
 .text._lseek_r
                0x000000000800d298       0x24 c:/st/stm32cubeide_1.11.0/stm32cubeide/plugins/com.st.stm32cube.ide.mcu.externaltools.gnu-tools-for-stm32.10.3-2021.10.win32_1.0.100.202210260954/tools/bin/../lib/gcc/arm-none-eabi/10.3.1/../../../../arm-none-eabi/lib/thumb/v7-m/nofp\libc_nano.a(lib_a-lseekr.o)
                0x000000000800d298                _lseek_r
 .text._malloc_usable_size_r
                0x000000000800d2bc       0x10 c:/st/stm32cubeide_1.11.0/stm32cubeide/plugins/com.st.stm32cube.ide.mcu.externaltools.gnu-tools-for-stm32.10.3-2021.10.win32_1.0.100.202210260954/tools/bin/../lib/gcc/arm-none-eabi/10.3.1/../../../../arm-none-eabi/lib/thumb/v7-m/nofp\libc_nano.a(lib_a-nano-msizer.o)
                0x000000000800d2bc                _malloc_usable_size_r
 .text._read_r  0x000000000800d2cc       0x24 c:/st/stm32cubeide_1.11.0/stm32cubeide/plugins/com.st.stm32cube.ide.mcu.externaltools.gnu-tools-for-stm32.10.3-2021.10.win32_1.0.100.202210260954/tools/bin/../lib/gcc/arm-none-eabi/10.3.1/../../../../arm-none-eabi/lib/thumb/v7-m/nofp\libc_nano.a(lib_a-readr.o)
                0x000000000800d2cc                _read_r
 *(.glue_7)
 .glue_7        0x000000000800d2f0        0x0 linker stubs
 *(.glue_7t)
 .glue_7t       0x000000000800d2f0        0x0 linker stubs
 *(.eh_frame)
 .eh_frame      0x000000000800d2f0        0x0 c:/st/stm32cubeide_1.11.0/stm32cubeide/plugins/com.st.stm32cube.ide.mcu.externaltools.gnu-tools-for-stm32.10.3-2021.10.win32_1.0.100.202210260954/tools/bin/../lib/gcc/arm-none-eabi/10.3.1/thumb/v7-m/nofp/crtbegin.o
 *(.init)
 .init          0x000000000800d2f0        0x4 c:/st/stm32cubeide_1.11.0/stm32cubeide/plugins/com.st.stm32cube.ide.mcu.externaltools.gnu-tools-for-stm32.10.3-2021.10.win32_1.0.100.202210260954/tools/bin/../lib/gcc/arm-none-eabi/10.3.1/thumb/v7-m/nofp/crti.o
                0x000000000800d2f0                _init
 .init          0x000000000800d2f4        0x8 c:/st/stm32cubeide_1.11.0/stm32cubeide/plugins/com.st.stm32cube.ide.mcu.externaltools.gnu-tools-for-stm32.10.3-2021.10.win32_1.0.100.202210260954/tools/bin/../lib/gcc/arm-none-eabi/10.3.1/thumb/v7-m/nofp/crtn.o
 *(.fini)
 .fini          0x000000000800d2fc        0x4 c:/st/stm32cubeide_1.11.0/stm32cubeide/plugins/com.st.stm32cube.ide.mcu.externaltools.gnu-tools-for-stm32.10.3-2021.10.win32_1.0.100.202210260954/tools/bin/../lib/gcc/arm-none-eabi/10.3.1/thumb/v7-m/nofp/crti.o
                0x000000000800d2fc                _fini
 .fini          0x000000000800d300        0x8 c:/st/stm32cubeide_1.11.0/stm32cubeide/plugins/com.st.stm32cube.ide.mcu.externaltools.gnu-tools-for-stm32.10.3-2021.10.win32_1.0.100.202210260954/tools/bin/../lib/gcc/arm-none-eabi/10.3.1/thumb/v7-m/nofp/crtn.o
                0x000000000800d308                . = ALIGN (0x4)
                0x000000000800d308                _etext = .

.vfp11_veneer   0x000000000800d308        0x0
 .vfp11_veneer  0x000000000800d308        0x0 linker stubs

.v4_bx          0x000000000800d308        0x0
 .v4_bx         0x000000000800d308        0x0 linker stubs

.iplt           0x000000000800d308        0x0
 .iplt          0x000000000800d308        0x0 c:/st/stm32cubeide_1.11.0/stm32cubeide/plugins/com.st.stm32cube.ide.mcu.externaltools.gnu-tools-for-stm32.10.3-2021.10.win32_1.0.100.202210260954/tools/bin/../lib/gcc/arm-none-eabi/10.3.1/thumb/v7-m/nofp/crtbegin.o

.rodata         0x000000000800d308     0x3620
                0x000000000800d308                . = ALIGN (0x4)
 *(.rodata)
 .rodata        0x000000000800d308      0x102 ./Core/Src/deflate.o
 *fill*         0x000000000800d40a        0x2 
 .rodata        0x000000000800d40c      0x130 ./Core/Src/main.o
 .rodata        0x000000000800d53c      0x23c ./Core/Src/trees.o
 .rodata        0x000000000800d778       0x90 ./Core/Src/zutil.o
 .rodata        0x000000000800d808       0x48 ./Middlewares/Third_Party/FatFs/src/ff.o
 *(.rodata*)
 .rodata.crc_table
                0x000000000800d850     0x2000 ./Core/Src/crc32.o
 .rodata.configuration_table
                0x000000000800f850       0x78 ./Core/Src/deflate.o
 .rodata.my_version.0
                0x000000000800f8c8        0x6 ./Core/Src/deflate.o
 *fill*         0x000000000800f8ce        0x2 
 .rodata.PLLMulTable
                0x000000000800f8d0        0x9 ./Core/Src/system_stm32l1xx.o
                0x000000000800f8d0                PLLMulTable
 *fill*         0x000000000800f8d9        0x3 
 .rodata.AHBPrescTable
                0x000000000800f8dc       0x10 ./Core/Src/system_stm32l1xx.o
                0x000000000800f8dc                AHBPrescTable
 .rodata.APBPrescTable
                0x000000000800f8ec        0x8 ./Core/Src/system_stm32l1xx.o
                0x000000000800f8ec                APBPrescTable
 .rodata.extra_lbits
                0x000000000800f8f4       0x74 ./Core/Src/trees.o
 .rodata.extra_dbits
                0x000000000800f968       0x78 ./Core/Src/trees.o
 .rodata.extra_blbits
                0x000000000800f9e0       0x4c ./Core/Src/trees.o
 .rodata.bl_order
                0x000000000800fa2c       0x13 ./Core/Src/trees.o
 *fill*         0x000000000800fa3f        0x1 
 .rodata.static_ltree
                0x000000000800fa40      0x480 ./Core/Src/trees.o
 .rodata.static_dtree
                0x000000000800fec0       0x78 ./Core/Src/trees.o
 .rodata._dist_code
                0x000000000800ff38      0x200 ./Core/Src/trees.o
                0x000000000800ff38                _dist_code
 .rodata._length_code
                0x0000000008010138      0x100 ./Core/Src/trees.o
                0x0000000008010138                _length_code
 .rodata.base_length
                0x0000000008010238       0x74 ./Core/Src/trees.o
 .rodata.base_dist
                0x00000000080102ac       0x78 ./Core/Src/trees.o
 .rodata.z_errmsg
                0x0000000008010324       0x28 ./Core/Src/zutil.o
                0x0000000008010324                z_errmsg
 .rodata.ExCvt  0x000000000801034c       0x80 ./Middlewares/Third_Party/FatFs/src/ff.o
 .rodata.LfnOfs
                0x00000000080103cc        0xd ./Middlewares/Third_Party/FatFs/src/ff.o
 *fill*         0x00000000080103d9        0x3 
 .rodata.Tbl    0x00000000080103dc      0x100 ./Middlewares/Third_Party/FatFs/src/option/ccsbcs.o
 .rodata.cvt1.1
                0x00000000080104dc      0x1f2 ./Middlewares/Third_Party/FatFs/src/option/ccsbcs.o
 *fill*         0x00000000080106ce        0x2 
 .rodata.cvt2.0
                0x00000000080106d0       0xbc ./Middlewares/Third_Party/FatFs/src/option/ccsbcs.o
 .rodata._ctype_
                0x000000000801078c      0x101 c:/st/stm32cubeide_1.11.0/stm32cubeide/plugins/com.st.stm32cube.ide.mcu.externaltools.gnu-tools-for-stm32.10.3-2021.10.win32_1.0.100.202210260954/tools/bin/../lib/gcc/arm-none-eabi/10.3.1/../../../../arm-none-eabi/lib/thumb/v7-m/nofp\libc_nano.a(lib_a-ctype_.o)
                0x000000000801078c                _ctype_
 *fill*         0x000000000801088d        0x3 
 .rodata._global_impure_ptr
                0x0000000008010890        0x4 c:/st/stm32cubeide_1.11.0/stm32cubeide/plugins/com.st.stm32cube.ide.mcu.externaltools.gnu-tools-for-stm32.10.3-2021.10.win32_1.0.100.202210260954/tools/bin/../lib/gcc/arm-none-eabi/10.3.1/../../../../arm-none-eabi/lib/thumb/v7-m/nofp\libc_nano.a(lib_a-impure.o)
                0x0000000008010890                _global_impure_ptr
 .rodata._vfprintf_r.str1.1
                0x0000000008010894       0x11 c:/st/stm32cubeide_1.11.0/stm32cubeide/plugins/com.st.stm32cube.ide.mcu.externaltools.gnu-tools-for-stm32.10.3-2021.10.win32_1.0.100.202210260954/tools/bin/../lib/gcc/arm-none-eabi/10.3.1/../../../../arm-none-eabi/lib/thumb/v7-m/nofp\libc_nano.a(lib_a-nano-vfprintf.o)
 .rodata._printf_i.str1.1
                0x00000000080108a5       0x22 c:/st/stm32cubeide_1.11.0/stm32cubeide/plugins/com.st.stm32cube.ide.mcu.externaltools.gnu-tools-for-stm32.10.3-2021.10.win32_1.0.100.202210260954/tools/bin/../lib/gcc/arm-none-eabi/10.3.1/../../../../arm-none-eabi/lib/thumb/v7-m/nofp\libc_nano.a(lib_a-nano-vfprintf_i.o)
 *fill*         0x00000000080108c7        0x1 
 .rodata.__sf_fake_stderr
                0x00000000080108c8       0x20 c:/st/stm32cubeide_1.11.0/stm32cubeide/plugins/com.st.stm32cube.ide.mcu.externaltools.gnu-tools-for-stm32.10.3-2021.10.win32_1.0.100.202210260954/tools/bin/../lib/gcc/arm-none-eabi/10.3.1/../../../../arm-none-eabi/lib/thumb/v7-m/nofp\libc_nano.a(lib_a-findfp.o)
                0x00000000080108c8                __sf_fake_stderr
 .rodata.__sf_fake_stdin
                0x00000000080108e8       0x20 c:/st/stm32cubeide_1.11.0/stm32cubeide/plugins/com.st.stm32cube.ide.mcu.externaltools.gnu-tools-for-stm32.10.3-2021.10.win32_1.0.100.202210260954/tools/bin/../lib/gcc/arm-none-eabi/10.3.1/../../../../arm-none-eabi/lib/thumb/v7-m/nofp\libc_nano.a(lib_a-findfp.o)
                0x00000000080108e8                __sf_fake_stdin
 .rodata.__sf_fake_stdout
                0x0000000008010908       0x20 c:/st/stm32cubeide_1.11.0/stm32cubeide/plugins/com.st.stm32cube.ide.mcu.externaltools.gnu-tools-for-stm32.10.3-2021.10.win32_1.0.100.202210260954/tools/bin/../lib/gcc/arm-none-eabi/10.3.1/../../../../arm-none-eabi/lib/thumb/v7-m/nofp\libc_nano.a(lib_a-findfp.o)
                0x0000000008010908                __sf_fake_stdout
 .rodata._svfprintf_r.str1.1
                0x0000000008010928       0x11 c:/st/stm32cubeide_1.11.0/stm32cubeide/plugins/com.st.stm32cube.ide.mcu.externaltools.gnu-tools-for-stm32.10.3-2021.10.win32_1.0.100.202210260954/tools/bin/../lib/gcc/arm-none-eabi/10.3.1/../../../../arm-none-eabi/lib/thumb/v7-m/nofp\libc_nano.a(lib_a-nano-svfprintf.o)
                0x000000000801093c                . = ALIGN (0x4)

.ARM.extab      0x0000000008010928        0x0
                0x0000000008010928                . = ALIGN (0x4)
 *(.ARM.extab* .gnu.linkonce.armextab.*)
                0x0000000008010928                . = ALIGN (0x4)

.ARM            0x0000000008010928        0x8
                0x0000000008010928                . = ALIGN (0x4)
                0x0000000008010928                __exidx_start = .
 *(.ARM.exidx*)
 .ARM.exidx     0x0000000008010928        0x8 c:/st/stm32cubeide_1.11.0/stm32cubeide/plugins/com.st.stm32cube.ide.mcu.externaltools.gnu-tools-for-stm32.10.3-2021.10.win32_1.0.100.202210260954/tools/bin/../lib/gcc/arm-none-eabi/10.3.1/thumb/v7-m/nofp\libgcc.a(_udivmoddi4.o)
                0x0000000008010930                __exidx_end = .
                0x0000000008010930                . = ALIGN (0x4)

.rel.dyn        0x0000000008010930        0x0
 .rel.iplt      0x0000000008010930        0x0 c:/st/stm32cubeide_1.11.0/stm32cubeide/plugins/com.st.stm32cube.ide.mcu.externaltools.gnu-tools-for-stm32.10.3-2021.10.win32_1.0.100.202210260954/tools/bin/../lib/gcc/arm-none-eabi/10.3.1/thumb/v7-m/nofp/crtbegin.o

.preinit_array  0x0000000008010930        0x0
                0x0000000008010930                . = ALIGN (0x4)
                0x0000000008010930                PROVIDE (__preinit_array_start = .)
 *(.preinit_array*)
                0x0000000008010930                PROVIDE (__preinit_array_end = .)
                0x0000000008010930                . = ALIGN (0x4)

.init_array     0x0000000008010930        0x4
                0x0000000008010930                . = ALIGN (0x4)
                0x0000000008010930                PROVIDE (__init_array_start = .)
 *(SORT_BY_NAME(.init_array.*))
 *(.init_array*)
 .init_array    0x0000000008010930        0x4 c:/st/stm32cubeide_1.11.0/stm32cubeide/plugins/com.st.stm32cube.ide.mcu.externaltools.gnu-tools-for-stm32.10.3-2021.10.win32_1.0.100.202210260954/tools/bin/../lib/gcc/arm-none-eabi/10.3.1/thumb/v7-m/nofp/crtbegin.o
                0x0000000008010934                PROVIDE (__init_array_end = .)
                0x0000000008010934                . = ALIGN (0x4)

.fini_array     0x0000000008010934        0x4
                0x0000000008010934                . = ALIGN (0x4)
                [!provide]                        PROVIDE (__fini_array_start = .)
 *(SORT_BY_NAME(.fini_array.*))
 *(.fini_array*)
 .fini_array    0x0000000008010934        0x4 c:/st/stm32cubeide_1.11.0/stm32cubeide/plugins/com.st.stm32cube.ide.mcu.externaltools.gnu-tools-for-stm32.10.3-2021.10.win32_1.0.100.202210260954/tools/bin/../lib/gcc/arm-none-eabi/10.3.1/thumb/v7-m/nofp/crtbegin.o
                [!provide]                        PROVIDE (__fini_array_end = .)
                0x0000000008010938                . = ALIGN (0x4)
                0x0000000008010938                _sidata = LOADADDR (.data)

.data           0x0000000020000000       0xc4 load address 0x0000000008010938
                0x0000000020000000                . = ALIGN (0x4)
                0x0000000020000000                _sdata = .
 *(.data)
 *(.data*)
 .data.Stat     0x0000000020000000        0x1 ./Core/Src/fatfs_sd.o
 *fill*         0x0000000020000001        0x3 
 .data.SystemCoreClock
                0x0000000020000004        0x4 ./Core/Src/system_stm32l1xx.o
                0x0000000020000004                SystemCoreClock
 .data.static_l_desc
                0x0000000020000008       0x14 ./Core/Src/trees.o
 .data.static_d_desc
                0x000000002000001c       0x14 ./Core/Src/trees.o
 .data.static_bl_desc
                0x0000000020000030       0x14 ./Core/Src/trees.o
 .data.uwTickPrio
                0x0000000020000044        0x4 ./Drivers/STM32L1xx_HAL_Driver/Src/stm32l1xx_hal.o
                0x0000000020000044                uwTickPrio
 .data.uwTickFreq
                0x0000000020000048        0x4 ./Drivers/STM32L1xx_HAL_Driver/Src/stm32l1xx_hal.o
                0x0000000020000048                uwTickFreq
 .data.USER_Driver
                0x000000002000004c       0x14 ./FATFS/Target/user_diskio.o
                0x000000002000004c                USER_Driver
 .data._impure_ptr
                0x0000000020000060        0x4 c:/st/stm32cubeide_1.11.0/stm32cubeide/plugins/com.st.stm32cube.ide.mcu.externaltools.gnu-tools-for-stm32.10.3-2021.10.win32_1.0.100.202210260954/tools/bin/../lib/gcc/arm-none-eabi/10.3.1/../../../../arm-none-eabi/lib/thumb/v7-m/nofp\libc_nano.a(lib_a-impure.o)
                0x0000000020000060                _impure_ptr
 .data.impure_data
                0x0000000020000064       0x60 c:/st/stm32cubeide_1.11.0/stm32cubeide/plugins/com.st.stm32cube.ide.mcu.externaltools.gnu-tools-for-stm32.10.3-2021.10.win32_1.0.100.202210260954/tools/bin/../lib/gcc/arm-none-eabi/10.3.1/../../../../arm-none-eabi/lib/thumb/v7-m/nofp\libc_nano.a(lib_a-impure.o)
 *(.RamFunc)
 *(.RamFunc*)
                0x00000000200000c4                . = ALIGN (0x4)
                0x00000000200000c4                _edata = .

.igot.plt       0x00000000200000c4        0x0 load address 0x00000000080109fc
 .igot.plt      0x00000000200000c4        0x0 c:/st/stm32cubeide_1.11.0/stm32cubeide/plugins/com.st.stm32cube.ide.mcu.externaltools.gnu-tools-for-stm32.10.3-2021.10.win32_1.0.100.202210260954/tools/bin/../lib/gcc/arm-none-eabi/10.3.1/thumb/v7-m/nofp/crtbegin.o
                0x00000000200000c4                . = ALIGN (0x4)

.bss            0x00000000200000c4     0x33f0 load address 0x00000000080109fc
                0x00000000200000c4                _sbss = .
                0x00000000200000c4                __bss_start__ = _sbss
 *(.bss)
 .bss           0x00000000200000c4       0x1c c:/st/stm32cubeide_1.11.0/stm32cubeide/plugins/com.st.stm32cube.ide.mcu.externaltools.gnu-tools-for-stm32.10.3-2021.10.win32_1.0.100.202210260954/tools/bin/../lib/gcc/arm-none-eabi/10.3.1/thumb/v7-m/nofp/crtbegin.o
 *(.bss*)
 .bss.Timer1    0x00000000200000e0        0x2 ./Core/Src/fatfs_sd.o
                0x00000000200000e0                Timer1
 .bss.Timer2    0x00000000200000e2        0x2 ./Core/Src/fatfs_sd.o
                0x00000000200000e2                Timer2
 .bss.CardType  0x00000000200000e4        0x1 ./Core/Src/fatfs_sd.o
 .bss.PowerFlag
                0x00000000200000e5        0x1 ./Core/Src/fatfs_sd.o
 *fill*         0x00000000200000e6        0x2 
 .bss.fs        0x00000000200000e8     0x1038 ./Core/Src/main.o
                0x00000000200000e8                fs
 .bss.input_file
                0x0000000020001120     0x1030 ./Core/Src/main.o
                0x0000000020001120                input_file
 .bss.output_file
                0x0000000020002150     0x1030 ./Core/Src/main.o
                0x0000000020002150                output_file
 .bss.hspi1     0x0000000020003180       0x58 ./Core/Src/main.o
                0x0000000020003180                hspi1
 .bss.htim10    0x00000000200031d8       0x40 ./Core/Src/main.o
                0x00000000200031d8                htim10
 .bss.huart2    0x0000000020003218       0x44 ./Core/Src/main.o
                0x0000000020003218                huart2
 .bss.__sbrk_heap_end
                0x000000002000325c        0x4 ./Core/Src/sysmem.o
 .bss.z_verbose
                0x0000000020003260        0x4 ./Core/Src/zutil.o
                0x0000000020003260                z_verbose
 .bss.uwTick    0x0000000020003264        0x4 ./Drivers/STM32L1xx_HAL_Driver/Src/stm32l1xx_hal.o
                0x0000000020003264                uwTick
 .bss.retUSER   0x0000000020003268        0x1 ./FATFS/App/fatfs.o
                0x0000000020003268                retUSER
 *fill*         0x0000000020003269        0x3 
 .bss.USERPath  0x000000002000326c        0x4 ./FATFS/App/fatfs.o
                0x000000002000326c                USERPath
 .bss.FatFs     0x0000000020003270        0x4 ./Middlewares/Third_Party/FatFs/src/ff.o
 .bss.Fsid      0x0000000020003274        0x2 ./Middlewares/Third_Party/FatFs/src/ff.o
 *fill*         0x0000000020003276        0x2 
 .bss.Files     0x0000000020003278       0x20 ./Middlewares/Third_Party/FatFs/src/ff.o
 .bss.LfnBuf    0x0000000020003298      0x200 ./Middlewares/Third_Party/FatFs/src/ff.o
 .bss.disk      0x0000000020003498        0xc ./Middlewares/Third_Party/FatFs/src/ff_gen_drv.o
                0x0000000020003498                disk
 .bss.__lock___malloc_recursive_mutex
                0x00000000200034a4        0x1 c:/st/stm32cubeide_1.11.0/stm32cubeide/plugins/com.st.stm32cube.ide.mcu.externaltools.gnu-tools-for-stm32.10.3-2021.10.win32_1.0.100.202210260954/tools/bin/../lib/gcc/arm-none-eabi/10.3.1/../../../../arm-none-eabi/lib/thumb/v7-m/nofp\libc_nano.a(lib_a-lock.o)
                0x00000000200034a4                __lock___malloc_recursive_mutex
 .bss.__lock___sfp_recursive_mutex
                0x00000000200034a5        0x1 c:/st/stm32cubeide_1.11.0/stm32cubeide/plugins/com.st.stm32cube.ide.mcu.externaltools.gnu-tools-for-stm32.10.3-2021.10.win32_1.0.100.202210260954/tools/bin/../lib/gcc/arm-none-eabi/10.3.1/../../../../arm-none-eabi/lib/thumb/v7-m/nofp\libc_nano.a(lib_a-lock.o)
                0x00000000200034a5                __lock___sfp_recursive_mutex
 .bss.__lock___sinit_recursive_mutex
                0x00000000200034a6        0x1 c:/st/stm32cubeide_1.11.0/stm32cubeide/plugins/com.st.stm32cube.ide.mcu.externaltools.gnu-tools-for-stm32.10.3-2021.10.win32_1.0.100.202210260954/tools/bin/../lib/gcc/arm-none-eabi/10.3.1/../../../../arm-none-eabi/lib/thumb/v7-m/nofp\libc_nano.a(lib_a-lock.o)
                0x00000000200034a6                __lock___sinit_recursive_mutex
 *fill*         0x00000000200034a7        0x1 
 .bss.__malloc_free_list
                0x00000000200034a8        0x4 c:/st/stm32cubeide_1.11.0/stm32cubeide/plugins/com.st.stm32cube.ide.mcu.externaltools.gnu-tools-for-stm32.10.3-2021.10.win32_1.0.100.202210260954/tools/bin/../lib/gcc/arm-none-eabi/10.3.1/../../../../arm-none-eabi/lib/thumb/v7-m/nofp\libc_nano.a(lib_a-nano-mallocr.o)
                0x00000000200034a8                __malloc_free_list
 .bss.__malloc_sbrk_start
                0x00000000200034ac        0x4 c:/st/stm32cubeide_1.11.0/stm32cubeide/plugins/com.st.stm32cube.ide.mcu.externaltools.gnu-tools-for-stm32.10.3-2021.10.win32_1.0.100.202210260954/tools/bin/../lib/gcc/arm-none-eabi/10.3.1/../../../../arm-none-eabi/lib/thumb/v7-m/nofp\libc_nano.a(lib_a-nano-mallocr.o)
                0x00000000200034ac                __malloc_sbrk_start
 .bss.errno     0x00000000200034b0        0x4 c:/st/stm32cubeide_1.11.0/stm32cubeide/plugins/com.st.stm32cube.ide.mcu.externaltools.gnu-tools-for-stm32.10.3-2021.10.win32_1.0.100.202210260954/tools/bin/../lib/gcc/arm-none-eabi/10.3.1/../../../../arm-none-eabi/lib/thumb/v7-m/nofp\libc_nano.a(lib_a-reent.o)
                0x00000000200034b0                errno
 *(COMMON)
                0x00000000200034b4                . = ALIGN (0x4)
                0x00000000200034b4                _ebss = .
                0x00000000200034b4                __bss_end__ = _ebss

._user_heap_stack
                0x00000000200034b4      0x604 load address 0x00000000080109fc
                0x00000000200034b8                . = ALIGN (0x8)
 *fill*         0x00000000200034b4        0x4 
                [!provide]                        PROVIDE (end = .)
                0x00000000200034b8                PROVIDE (_end = .)
                0x00000000200036b8                . = (. + _Min_Heap_Size)
 *fill*         0x00000000200034b8      0x200 
                0x0000000020003ab8                . = (. + _Min_Stack_Size)
 *fill*         0x00000000200036b8      0x400 
                0x0000000020003ab8                . = ALIGN (0x8)

/DISCARD/
 libc.a(*)
 libm.a(*)
 libgcc.a(*)

.ARM.attributes
                0x0000000000000000       0x29
 *(.ARM.attributes)
 .ARM.attributes
                0x0000000000000000       0x1d c:/st/stm32cubeide_1.11.0/stm32cubeide/plugins/com.st.stm32cube.ide.mcu.externaltools.gnu-tools-for-stm32.10.3-2021.10.win32_1.0.100.202210260954/tools/bin/../lib/gcc/arm-none-eabi/10.3.1/thumb/v7-m/nofp/crti.o
 .ARM.attributes
                0x000000000000001d       0x2d c:/st/stm32cubeide_1.11.0/stm32cubeide/plugins/com.st.stm32cube.ide.mcu.externaltools.gnu-tools-for-stm32.10.3-2021.10.win32_1.0.100.202210260954/tools/bin/../lib/gcc/arm-none-eabi/10.3.1/thumb/v7-m/nofp/crtbegin.o
 .ARM.attributes
                0x000000000000004a       0x2d ./Core/Src/adler32.o
 .ARM.attributes
                0x0000000000000077       0x2d ./Core/Src/crc32.o
 .ARM.attributes
                0x00000000000000a4       0x2d ./Core/Src/deflate.o
 .ARM.attributes
                0x00000000000000d1       0x2d ./Core/Src/fatfs_sd.o
 .ARM.attributes
                0x00000000000000fe       0x2d ./Core/Src/main.o
 .ARM.attributes
                0x000000000000012b       0x2d ./Core/Src/stm32l1xx_hal_msp.o
 .ARM.attributes
                0x0000000000000158       0x2d ./Core/Src/stm32l1xx_it.o
 .ARM.attributes
                0x0000000000000185       0x2d ./Core/Src/syscalls.o
 .ARM.attributes
                0x00000000000001b2       0x2d ./Core/Src/sysmem.o
 .ARM.attributes
                0x00000000000001df       0x2d ./Core/Src/system_stm32l1xx.o
 .ARM.attributes
                0x000000000000020c       0x2d ./Core/Src/trees.o
 .ARM.attributes
                0x0000000000000239       0x2d ./Core/Src/zutil.o
 .ARM.attributes
                0x0000000000000266       0x21 ./Core/Startup/startup_stm32l152retx.o
 .ARM.attributes
                0x0000000000000287       0x2d ./Drivers/STM32L1xx_HAL_Driver/Src/stm32l1xx_hal.o
 .ARM.attributes
                0x00000000000002b4       0x2d ./Drivers/STM32L1xx_HAL_Driver/Src/stm32l1xx_hal_cortex.o
 .ARM.attributes
                0x00000000000002e1       0x2d ./Drivers/STM32L1xx_HAL_Driver/Src/stm32l1xx_hal_gpio.o
 .ARM.attributes
                0x000000000000030e       0x2d ./Drivers/STM32L1xx_HAL_Driver/Src/stm32l1xx_hal_rcc.o
 .ARM.attributes
                0x000000000000033b       0x2d ./Drivers/STM32L1xx_HAL_Driver/Src/stm32l1xx_hal_spi.o
 .ARM.attributes
                0x0000000000000368       0x2d ./Drivers/STM32L1xx_HAL_Driver/Src/stm32l1xx_hal_tim.o
 .ARM.attributes
                0x0000000000000395       0x2d ./Drivers/STM32L1xx_HAL_Driver/Src/stm32l1xx_hal_uart.o
 .ARM.attributes
                0x00000000000003c2       0x2d ./FATFS/App/fatfs.o
 .ARM.attributes
                0x00000000000003ef       0x2d ./FATFS/Target/user_diskio.o
 .ARM.attributes
                0x000000000000041c       0x2d ./Middlewares/Third_Party/FatFs/src/diskio.o
 .ARM.attributes
                0x0000000000000449       0x2d ./Middlewares/Third_Party/FatFs/src/ff.o
 .ARM.attributes
                0x0000000000000476       0x2d ./Middlewares/Third_Party/FatFs/src/ff_gen_drv.o
 .ARM.attributes
                0x00000000000004a3       0x2d ./Middlewares/Third_Party/FatFs/src/option/ccsbcs.o
 .ARM.attributes
                0x00000000000004d0       0x2d c:/st/stm32cubeide_1.11.0/stm32cubeide/plugins/com.st.stm32cube.ide.mcu.externaltools.gnu-tools-for-stm32.10.3-2021.10.win32_1.0.100.202210260954/tools/bin/../lib/gcc/arm-none-eabi/10.3.1/../../../../arm-none-eabi/lib/thumb/v7-m/nofp\libc_nano.a(lib_a-ctype_.o)
 .ARM.attributes
                0x00000000000004fd       0x2d c:/st/stm32cubeide_1.11.0/stm32cubeide/plugins/com.st.stm32cube.ide.mcu.externaltools.gnu-tools-for-stm32.10.3-2021.10.win32_1.0.100.202210260954/tools/bin/../lib/gcc/arm-none-eabi/10.3.1/../../../../arm-none-eabi/lib/thumb/v7-m/nofp\libc_nano.a(lib_a-errno.o)
 .ARM.attributes
                0x000000000000052a       0x2d c:/st/stm32cubeide_1.11.0/stm32cubeide/plugins/com.st.stm32cube.ide.mcu.externaltools.gnu-tools-for-stm32.10.3-2021.10.win32_1.0.100.202210260954/tools/bin/../lib/gcc/arm-none-eabi/10.3.1/../../../../arm-none-eabi/lib/thumb/v7-m/nofp\libc_nano.a(lib_a-exit.o)
 .ARM.attributes
                0x0000000000000557       0x2d c:/st/stm32cubeide_1.11.0/stm32cubeide/plugins/com.st.stm32cube.ide.mcu.externaltools.gnu-tools-for-stm32.10.3-2021.10.win32_1.0.100.202210260954/tools/bin/../lib/gcc/arm-none-eabi/10.3.1/../../../../arm-none-eabi/lib/thumb/v7-m/nofp\libc_nano.a(lib_a-fprintf.o)
 .ARM.attributes
                0x0000000000000584       0x2d c:/st/stm32cubeide_1.11.0/stm32cubeide/plugins/com.st.stm32cube.ide.mcu.externaltools.gnu-tools-for-stm32.10.3-2021.10.win32_1.0.100.202210260954/tools/bin/../lib/gcc/arm-none-eabi/10.3.1/../../../../arm-none-eabi/lib/thumb/v7-m/nofp\libc_nano.a(lib_a-fputc.o)
 .ARM.attributes
                0x00000000000005b1       0x2d c:/st/stm32cubeide_1.11.0/stm32cubeide/plugins/com.st.stm32cube.ide.mcu.externaltools.gnu-tools-for-stm32.10.3-2021.10.win32_1.0.100.202210260954/tools/bin/../lib/gcc/arm-none-eabi/10.3.1/../../../../arm-none-eabi/lib/thumb/v7-m/nofp\libc_nano.a(lib_a-fwrite.o)
 .ARM.attributes
                0x00000000000005de       0x2d c:/st/stm32cubeide_1.11.0/stm32cubeide/plugins/com.st.stm32cube.ide.mcu.externaltools.gnu-tools-for-stm32.10.3-2021.10.win32_1.0.100.202210260954/tools/bin/../lib/gcc/arm-none-eabi/10.3.1/../../../../arm-none-eabi/lib/thumb/v7-m/nofp\libc_nano.a(lib_a-impure.o)
 .ARM.attributes
                0x000000000000060b       0x2d c:/st/stm32cubeide_1.11.0/stm32cubeide/plugins/com.st.stm32cube.ide.mcu.externaltools.gnu-tools-for-stm32.10.3-2021.10.win32_1.0.100.202210260954/tools/bin/../lib/gcc/arm-none-eabi/10.3.1/../../../../arm-none-eabi/lib/thumb/v7-m/nofp\libc_nano.a(lib_a-init.o)
 .ARM.attributes
                0x0000000000000638       0x2d c:/st/stm32cubeide_1.11.0/stm32cubeide/plugins/com.st.stm32cube.ide.mcu.externaltools.gnu-tools-for-stm32.10.3-2021.10.win32_1.0.100.202210260954/tools/bin/../lib/gcc/arm-none-eabi/10.3.1/../../../../arm-none-eabi/lib/thumb/v7-m/nofp\libc_nano.a(lib_a-lock.o)
 .ARM.attributes
                0x0000000000000665       0x2d c:/st/stm32cubeide_1.11.0/stm32cubeide/plugins/com.st.stm32cube.ide.mcu.externaltools.gnu-tools-for-stm32.10.3-2021.10.win32_1.0.100.202210260954/tools/bin/../lib/gcc/arm-none-eabi/10.3.1/../../../../arm-none-eabi/lib/thumb/v7-m/nofp\libc_nano.a(lib_a-malloc.o)
 .ARM.attributes
                0x0000000000000692       0x2d c:/st/stm32cubeide_1.11.0/stm32cubeide/plugins/com.st.stm32cube.ide.mcu.externaltools.gnu-tools-for-stm32.10.3-2021.10.win32_1.0.100.202210260954/tools/bin/../lib/gcc/arm-none-eabi/10.3.1/../../../../arm-none-eabi/lib/thumb/v7-m/nofp\libc_nano.a(lib_a-memcmp.o)
 .ARM.attributes
                0x00000000000006bf       0x2d c:/st/stm32cubeide_1.11.0/stm32cubeide/plugins/com.st.stm32cube.ide.mcu.externaltools.gnu-tools-for-stm32.10.3-2021.10.win32_1.0.100.202210260954/tools/bin/../lib/gcc/arm-none-eabi/10.3.1/../../../../arm-none-eabi/lib/thumb/v7-m/nofp\libc_nano.a(lib_a-memcpy-stub.o)
 .ARM.attributes
                0x00000000000006ec       0x2d c:/st/stm32cubeide_1.11.0/stm32cubeide/plugins/com.st.stm32cube.ide.mcu.externaltools.gnu-tools-for-stm32.10.3-2021.10.win32_1.0.100.202210260954/tools/bin/../lib/gcc/arm-none-eabi/10.3.1/../../../../arm-none-eabi/lib/thumb/v7-m/nofp\libc_nano.a(lib_a-memset.o)
 .ARM.attributes
                0x0000000000000719       0x2d c:/st/stm32cubeide_1.11.0/stm32cubeide/plugins/com.st.stm32cube.ide.mcu.externaltools.gnu-tools-for-stm32.10.3-2021.10.win32_1.0.100.202210260954/tools/bin/../lib/gcc/arm-none-eabi/10.3.1/../../../../arm-none-eabi/lib/thumb/v7-m/nofp\libc_nano.a(lib_a-nano-freer.o)
 .ARM.attributes
                0x0000000000000746       0x2d c:/st/stm32cubeide_1.11.0/stm32cubeide/plugins/com.st.stm32cube.ide.mcu.externaltools.gnu-tools-for-stm32.10.3-2021.10.win32_1.0.100.202210260954/tools/bin/../lib/gcc/arm-none-eabi/10.3.1/../../../../arm-none-eabi/lib/thumb/v7-m/nofp\libc_nano.a(lib_a-nano-mallocr.o)
 .ARM.attributes
                0x0000000000000773       0x2d c:/st/stm32cubeide_1.11.0/stm32cubeide/plugins/com.st.stm32cube.ide.mcu.externaltools.gnu-tools-for-stm32.10.3-2021.10.win32_1.0.100.202210260954/tools/bin/../lib/gcc/arm-none-eabi/10.3.1/../../../../arm-none-eabi/lib/thumb/v7-m/nofp\libc_nano.a(lib_a-nano-vfprintf.o)
 .ARM.attributes
                0x00000000000007a0       0x2d c:/st/stm32cubeide_1.11.0/stm32cubeide/plugins/com.st.stm32cube.ide.mcu.externaltools.gnu-tools-for-stm32.10.3-2021.10.win32_1.0.100.202210260954/tools/bin/../lib/gcc/arm-none-eabi/10.3.1/../../../../arm-none-eabi/lib/thumb/v7-m/nofp\libc_nano.a(lib_a-nano-vfprintf_i.o)
 .ARM.attributes
                0x00000000000007cd       0x2d c:/st/stm32cubeide_1.11.0/stm32cubeide/plugins/com.st.stm32cube.ide.mcu.externaltools.gnu-tools-for-stm32.10.3-2021.10.win32_1.0.100.202210260954/tools/bin/../lib/gcc/arm-none-eabi/10.3.1/../../../../arm-none-eabi/lib/thumb/v7-m/nofp\libc_nano.a(lib_a-putc.o)
 .ARM.attributes
                0x00000000000007fa       0x2d c:/st/stm32cubeide_1.11.0/stm32cubeide/plugins/com.st.stm32cube.ide.mcu.externaltools.gnu-tools-for-stm32.10.3-2021.10.win32_1.0.100.202210260954/tools/bin/../lib/gcc/arm-none-eabi/10.3.1/../../../../arm-none-eabi/lib/thumb/v7-m/nofp\libc_nano.a(lib_a-sbrkr.o)
 .ARM.attributes
                0x0000000000000827       0x17 c:/st/stm32cubeide_1.11.0/stm32cubeide/plugins/com.st.stm32cube.ide.mcu.externaltools.gnu-tools-for-stm32.10.3-2021.10.win32_1.0.100.202210260954/tools/bin/../lib/gcc/arm-none-eabi/10.3.1/../../../../arm-none-eabi/lib/thumb/v7-m/nofp\libc_nano.a(lib_a-strlen.o)
 .ARM.attributes
                0x000000000000083e       0x2d c:/st/stm32cubeide_1.11.0/stm32cubeide/plugins/com.st.stm32cube.ide.mcu.externaltools.gnu-tools-for-stm32.10.3-2021.10.win32_1.0.100.202210260954/tools/bin/../lib/gcc/arm-none-eabi/10.3.1/../../../../arm-none-eabi/lib/thumb/v7-m/nofp\libc_nano.a(lib_a-vsprintf.o)
 .ARM.attributes
                0x000000000000086b       0x2d c:/st/stm32cubeide_1.11.0/stm32cubeide/plugins/com.st.stm32cube.ide.mcu.externaltools.gnu-tools-for-stm32.10.3-2021.10.win32_1.0.100.202210260954/tools/bin/../lib/gcc/arm-none-eabi/10.3.1/../../../../arm-none-eabi/lib/thumb/v7-m/nofp\libc_nano.a(lib_a-wbuf.o)
 .ARM.attributes
                0x0000000000000898       0x2d c:/st/stm32cubeide_1.11.0/stm32cubeide/plugins/com.st.stm32cube.ide.mcu.externaltools.gnu-tools-for-stm32.10.3-2021.10.win32_1.0.100.202210260954/tools/bin/../lib/gcc/arm-none-eabi/10.3.1/../../../../arm-none-eabi/lib/thumb/v7-m/nofp\libc_nano.a(lib_a-wsetup.o)
 .ARM.attributes
                0x00000000000008c5       0x2d c:/st/stm32cubeide_1.11.0/stm32cubeide/plugins/com.st.stm32cube.ide.mcu.externaltools.gnu-tools-for-stm32.10.3-2021.10.win32_1.0.100.202210260954/tools/bin/../lib/gcc/arm-none-eabi/10.3.1/../../../../arm-none-eabi/lib/thumb/v7-m/nofp\libc_nano.a(lib_a-fflush.o)
 .ARM.attributes
                0x00000000000008f2       0x2d c:/st/stm32cubeide_1.11.0/stm32cubeide/plugins/com.st.stm32cube.ide.mcu.externaltools.gnu-tools-for-stm32.10.3-2021.10.win32_1.0.100.202210260954/tools/bin/../lib/gcc/arm-none-eabi/10.3.1/../../../../arm-none-eabi/lib/thumb/v7-m/nofp\libc_nano.a(lib_a-findfp.o)
 .ARM.attributes