../Core/Src/main.c:79:5:main	544	static
../Core/Src/main.c:193:6:SystemClock_Config	80	static
../Core/Src/main.c:237:13:MX_SPI1_Init	8	static
../Core/Src/main.c:275:13:MX_TIM10_Init	24	static
../Core/Src/main.c:313:13:MX_USART2_UART_Init	8	static
../Core/Src/main.c:346:13:MX_GPIO_Init	40	static
../Core/Src/main.c:368:6:vprint	216	static
../Core/Src/main.c:377:6:my_printf	16	static
../Core/Src/main.c:385:6:deflate_compress	88	static
../Core/Src/main.c:418:6:Error_Handler	4	static,ignoring_inline_asm
