../Core/Src/trees.c:188:12:send_bits	32	static
../Core/Src/trees.c:234:12:tr_static_init	4	static
../Core/Src/trees.c:381:20:_tr_init	16	static
../Core/Src/trees.c:409:12:init_block	24	static
../Core/Src/trees.c:453:12:pqdownheap	32	static
../Core/Src/trees.c:488:12:gen_bitlen	80	static
../Core/Src/trees.c:575:12:gen_codes	88	static
../Core/Src/trees.c:617:12:build_tree	48	static
../Core/Src/trees.c:705:12:scan_tree	56	static
../Core/Src/trees.c:750:12:send_tree	56	static
../Core/Src/trees.c:801:11:build_bl_tree	24	static
../Core/Src/trees.c:836:12:send_all_trees	32	static
../Core/Src/trees.c:865:20:_tr_stored_block	24	static
../Core/Src/trees.c:882:20:_tr_flush_bits	16	static
../Core/Src/trees.c:892:20:_tr_align	16	static
../Core/Src/trees.c:907:20:_tr_flush_block	64	static
../Core/Src/trees.c:1010:19:_tr_tally	24	static
../Core/Src/trees.c:1060:12:compress_block	48	static
../Core/Src/trees.c:1120:11:detect_data_type	24	static
../Core/Src/trees.c:1154:16:bi_reverse	16	static
../Core/Src/trees.c:1169:12:bi_flush	16	static
../Core/Src/trees.c:1186:12:bi_windup	16	static
../Core/Src/trees.c:1205:12:copy_block	32	static
